Archive member included to satisfy reference by file (symbol)

D:/Profiles/njp2424/Desktop/SwitchGraphics/GamepadTouchScreen/SwitchCompiler/libnx/lib\libnx.a(applet.o)
                              main.o (appletMainLoop)
D:/Profiles/njp2424/Desktop/SwitchGraphics/GamepadTouchScreen/SwitchCompiler/libnx/lib\libnx.a(hid.o)
                              main.o (hidKeysDown)
D:/Profiles/njp2424/Desktop/SwitchGraphics/GamepadTouchScreen/SwitchCompiler/libnx/lib\libnx.a(apm.o)
                              D:/Profiles/njp2424/Desktop/SwitchGraphics/GamepadTouchScreen/SwitchCompiler/libnx/lib\libnx.a(applet.o) (apmExit)
D:/Profiles/njp2424/Desktop/SwitchGraphics/GamepadTouchScreen/SwitchCompiler/libnx/lib\libnx.a(fatal.o)
                              D:/Profiles/njp2424/Desktop/SwitchGraphics/GamepadTouchScreen/SwitchCompiler/libnx/lib\libnx.a(applet.o) (fatalSimple)
D:/Profiles/njp2424/Desktop/SwitchGraphics/GamepadTouchScreen/SwitchCompiler/libnx/lib\libnx.a(sm.o)
                              D:/Profiles/njp2424/Desktop/SwitchGraphics/GamepadTouchScreen/SwitchCompiler/libnx/lib\libnx.a(fatal.o) (smHasInitialized)
D:/Profiles/njp2424/Desktop/SwitchGraphics/GamepadTouchScreen/SwitchCompiler/libnx/lib\libnx.a(hosversion.o)
                              D:/Profiles/njp2424/Desktop/SwitchGraphics/GamepadTouchScreen/SwitchCompiler/libnx/lib\libnx.a(applet.o) (hosversionGet)
D:/Profiles/njp2424/Desktop/SwitchGraphics/GamepadTouchScreen/SwitchCompiler/libnx/lib\libnx.a(env.o)
                              D:/Profiles/njp2424/Desktop/SwitchGraphics/GamepadTouchScreen/SwitchCompiler/libnx/lib\libnx.a(applet.o) (envIsNso)
D:/Profiles/njp2424/Desktop/SwitchGraphics/GamepadTouchScreen/SwitchCompiler/libnx/lib\libnx.a(console.o)
                              main.o (consoleInit)
D:/Profiles/njp2424/Desktop/SwitchGraphics/GamepadTouchScreen/SwitchCompiler/libnx/lib\libnx.a(console_sw.o)
                              D:/Profiles/njp2424/Desktop/SwitchGraphics/GamepadTouchScreen/SwitchCompiler/libnx/lib\libnx.a(console.o) (getDefaultConsoleRenderer)
D:/Profiles/njp2424/Desktop/SwitchGraphics/GamepadTouchScreen/SwitchCompiler/libnx/lib\libnx.a(svc.o)
                              D:/Profiles/njp2424/Desktop/SwitchGraphics/GamepadTouchScreen/SwitchCompiler/libnx/lib\libnx.a(applet.o) (svcExitProcess)
D:/Profiles/njp2424/Desktop/SwitchGraphics/GamepadTouchScreen/SwitchCompiler/libnx/lib\libnx.a(switch_crt0.o)
                              (_start)
D:/Profiles/njp2424/Desktop/SwitchGraphics/GamepadTouchScreen/SwitchCompiler/libnx/lib\libnx.a(default_font.bin.o)
                              D:/Profiles/njp2424/Desktop/SwitchGraphics/GamepadTouchScreen/SwitchCompiler/libnx/lib\libnx.a(console.o) (default_font_bin)
D:/Profiles/njp2424/Desktop/SwitchGraphics/GamepadTouchScreen/SwitchCompiler/libnx/lib\libnx.a(detect.o)
                              D:/Profiles/njp2424/Desktop/SwitchGraphics/GamepadTouchScreen/SwitchCompiler/libnx/lib\libnx.a(fatal.o) (detectKernelVersion)
D:/Profiles/njp2424/Desktop/SwitchGraphics/GamepadTouchScreen/SwitchCompiler/libnx/lib\libnx.a(shmem.o)
                              D:/Profiles/njp2424/Desktop/SwitchGraphics/GamepadTouchScreen/SwitchCompiler/libnx/lib\libnx.a(hid.o) (shmemLoadRemote)
D:/Profiles/njp2424/Desktop/SwitchGraphics/GamepadTouchScreen/SwitchCompiler/libnx/lib\libnx.a(wait.o)
                              D:/Profiles/njp2424/Desktop/SwitchGraphics/GamepadTouchScreen/SwitchCompiler/libnx/lib\libnx.a(applet.o) (waitObjects)
D:/Profiles/njp2424/Desktop/SwitchGraphics/GamepadTouchScreen/SwitchCompiler/libnx/lib\libnx.a(rwlock.o)
                              D:/Profiles/njp2424/Desktop/SwitchGraphics/GamepadTouchScreen/SwitchCompiler/libnx/lib\libnx.a(hid.o) (rwlockReadLock)
D:/Profiles/njp2424/Desktop/SwitchGraphics/GamepadTouchScreen/SwitchCompiler/libnx/lib\libnx.a(tmem.o)
                              D:/Profiles/njp2424/Desktop/SwitchGraphics/GamepadTouchScreen/SwitchCompiler/libnx/lib\libnx.a(applet.o) (tmemCreate)
D:/Profiles/njp2424/Desktop/SwitchGraphics/GamepadTouchScreen/SwitchCompiler/libnx/lib\libnx.a(mutex.o)
                              D:/Profiles/njp2424/Desktop/SwitchGraphics/GamepadTouchScreen/SwitchCompiler/libnx/lib\libnx.a(detect.o) (mutexLock)
D:/Profiles/njp2424/Desktop/SwitchGraphics/GamepadTouchScreen/SwitchCompiler/libnx/lib\libnx.a(virtmem.o)
                              D:/Profiles/njp2424/Desktop/SwitchGraphics/GamepadTouchScreen/SwitchCompiler/libnx/lib\libnx.a(shmem.o) (virtmemReserve)
D:/Profiles/njp2424/Desktop/SwitchGraphics/GamepadTouchScreen/SwitchCompiler/libnx/lib\libnx.a(event.o)
                              D:/Profiles/njp2424/Desktop/SwitchGraphics/GamepadTouchScreen/SwitchCompiler/libnx/lib\libnx.a(applet.o) (eventLoadRemote)
D:/Profiles/njp2424/Desktop/SwitchGraphics/GamepadTouchScreen/SwitchCompiler/libnx/lib\libnx.a(condvar.o)
[...]
Memory Configuration

Name             Origin             Length             Attributes
*default*        0x0000000000000000 0xffffffffffffffff

Linker script and memory map

                0x0000000000000000                PROVIDE (__start__ = 0x0)
                0x0000000000000000                . = __start__
                0x0000000000000000                __code_start = .

.crt0           0x0000000000000000      0x158
 *(.crt0)
 .crt0          0x0000000000000000      0x158 D:/Profiles/njp2424/Desktop/SwitchGraphics/GamepadTouchScreen/SwitchCompiler/libnx/lib\libnx.a(switch_crt0.o)
                0x0000000000000000                _start
                0x0000000000000120                __nx_exit
                0x0000000000000130                __nx_mod0
                0x0000000000000158                . = ALIGN (0x8)

.init           0x0000000000000158       0x38
 *(.init)
 .init          0x0000000000000158       0x18 d:/profiles/njp2424/desktop/switchgraphics/gamepadtouchscreen/switchcompiler/devkita64/bin/../lib/gcc/aarch64-none-elf/8.3.0/pic/crti.o
                0x0000000000000158                _init
 .init          0x0000000000000170       0x1c d:/profiles/njp2424/desktop/switchgraphics/gamepadtouchscreen/switchcompiler/devkita64/bin/../lib/gcc/aarch64-none-elf/8.3.0/pic/crtn.o
                0x0000000000000190                . = ALIGN (0x8)
 *fill*         0x000000000000018c        0x4 

.plt            0x0000000000000190        0x0
 *(.plt)
 .plt           0x0000000000000190        0x0 d:/profiles/njp2424/desktop/switchgraphics/gamepadtouchscreen/switchcompiler/devkita64/bin/../lib/gcc/aarch64-none-elf/8.3.0/pic/crti.o
 *(.iplt)
                0x0000000000000190                . = ALIGN (0x8)

.text           0x00000000000001c0    0x27138
 *(.text.unlikely .text.*_unlikely .text.unlikely.*)
 *(.text.exit .text.exit.*)
 .text.exit     0x00000000000001c0       0x38 d:/profiles/njp2424/desktop/switchgraphics/gamepadtouchscreen/switchcompiler/devkita64/bin/../lib/gcc/aarch64-none-elf/8.3.0/../../../../aarch64-none-elf/lib/pic\libg.a(lib_a-exit.o)
                0x00000000000001c0                exit
 *(.text.startup .text.startup.*)
 *fill*         0x00000000000001f8        0x8 
 .text.startup.main
                0x0000000000000200      0x114 main.o
                0x0000000000000200                main
 *(.text.hot .text.hot.*)
 *(.text .stub .text.* .gnu.linkonce.t.*)
 *fill*         0x0000000000000314        0x4 
 .text.deregister_tm_clones
                0x0000000000000318       0x2c d:/profiles/njp2424/desktop/switchgraphics/gamepadtouchscreen/switchcompiler/devkita64/bin/../lib/gcc/aarch64-none-elf/8.3.0/pic/crtbegin.o
 *fill*         0x0000000000000344        0x4 
 .text.register_tm_clones
                0x0000000000000348       0x38 d:/profiles/njp2424/desktop/switchgraphics/gamepadtouchscreen/switchcompiler/devkita64/bin/../lib/gcc/aarch64-none-elf/8.3.0/pic/crtbegin.o
 .text.__do_global_dtors_aux
                0x0000000000000380       0x48 d:/profiles/njp2424/desktop/switchgraphics/gamepadtouchscreen/switchcompiler/devkita64/bin/../lib/gcc/aarch64-none-elf/8.3.0/pic/crtbegin.o
 .text.frame_dummy
                0x00000000000003c8       0x34 d:/profiles/njp2424/desktop/switchgraphics/gamepadtouchscreen/switchcompiler/devkita64/bin/../lib/gcc/aarch64-none-elf/8.3.0/pic/crtbegin.o
 *fill*         0x00000000000003fc        0x4 
 .text.ipcPrepareHeader
                0x0000000000000400      0x220 D:/Profiles/njp2424/Desktop/SwitchGraphics/GamepadTouchScreen/SwitchCompiler/libnx/lib\libnx.a(applet.o)
 .text.ipcParse
                0x0000000000000620      0x22c D:/Profiles/njp2424/Desktop/SwitchGraphics/GamepadTouchScreen/SwitchCompiler/libnx/lib\libnx.a(applet.o)
 *fill*         0x000000000000084c        0x4 
 .text.serviceIpcParse
                0x0000000000000850       0xb0 D:/Profiles/njp2424/Desktop/SwitchGraphics/GamepadTouchScreen/SwitchCompiler/libnx/lib\libnx.a(applet.o)
 .text.ipcConvertSessionToDomain
                0x0000000000000900       0x78 D:/Profiles/njp2424/Desktop/SwitchGraphics/GamepadTouchScreen/SwitchCompiler/libnx/lib\libnx.a(applet.o)
 *fill*         0x0000000000000978        0x8 
 .text.ipcCloneSession.constprop.52
                0x0000000000000980       0x84 D:/Profiles/njp2424/Desktop/SwitchGraphics/GamepadTouchScreen/SwitchCompiler/libnx/lib\libnx.a(applet.o)
 *fill*         0x0000000000000a04        0xc 
 .text.ipcCloseObjectById
                0x0000000000000a10       0x34 D:/Profiles/njp2424/Desktop/SwitchGraphics/GamepadTouchScreen/SwitchCompiler/libnx/lib\libnx.a(applet.o)
 *fill*         0x0000000000000a44        0xc 
 .text.serviceClose
                0x0000000000000a50       0x6c D:/Profiles/njp2424/Desktop/SwitchGraphics/GamepadTouchScreen/SwitchCompiler/libnx/lib\libnx.a(applet.o)
 *fill*         0x0000000000000abc        0x4 
 .text._appletReceiveMessage
                0x0000000000000ac0      0x19c D:/Profiles/njp2424/Desktop/SwitchGraphics/GamepadTouchScreen/SwitchCompiler/libnx/lib\libnx.a(applet.o)
 *fill*         0x0000000000000c5c        0x4 
 .text._appletCmdNoIO
                0x0000000000000c60      0x164 D:/Profiles/njp2424/Desktop/SwitchGraphics/GamepadTouchScreen/SwitchCompiler/libnx/lib\libnx.a(applet.o)
 *fill*         0x0000000000000dc4        0xc 
 .text._appletGetOperationMode.constprop.43
                0x0000000000000dd0      0x18c D:/Profiles/njp2424/Desktop/SwitchGraphics/GamepadTouchScreen/SwitchCompiler/libnx/lib\libnx.a(applet.o)
 *fill*         0x0000000000000f5c        0x4 
 .text._appletGetCurrentFocusState.constprop.45
                0x0000000000000f60      0x18c D:/Profiles/njp2424/Desktop/SwitchGraphics/GamepadTouchScreen/SwitchCompiler/libnx/lib\libnx.a(applet.o)
 *fill*         0x00000000000010ec        0x4 
 .text._appletGetPerformanceMode.constprop.44
                0x00000000000010f0      0x18c D:/Profiles/njp2424/Desktop/SwitchGraphics/GamepadTouchScreen/SwitchCompiler/libnx/lib\libnx.a(applet.o)
 *fill*         0x000000000000127c        0x4 
 .text._appletGetSession
                0x0000000000001280      0x1d8 D:/Profiles/njp2424/Desktop/SwitchGraphics/GamepadTouchScreen/SwitchCompiler/libnx/lib\libnx.a(applet.o)
 *fill*         0x0000000000001458        0x8 
 .text._appletCmdNoInOut64
                0x0000000000001460      0x17c D:/Profiles/njp2424/Desktop/SwitchGraphics/GamepadTouchScreen/SwitchCompiler/libnx/lib\libnx.a(applet.o)
 *fill*         0x00000000000015dc        0x4 
 .text._appletSetOperationModeChangedNotification.constprop.46
                0x00000000000015e0      0x164 D:/Profiles/njp2424/Desktop/SwitchGraphics/GamepadTouchScreen/SwitchCompiler/libnx/lib\libnx.a(applet.o)
 *fill*         0x0000000000001744        0xc 
 .text._appletSetOutOfFocusSuspendingEnabled
                0x0000000000001750      0x16c D:/Profiles/njp2424/Desktop/SwitchGraphics/GamepadTouchScreen/SwitchCompiler/libnx/lib\libnx.a(applet.o)
 *fill*         0x00000000000018bc        0x4 
 .text._appletSetPerformanceModeChangedNotification.constprop.47
                0x00000000000018c0      0x164 D:/Profiles/njp2424/Desktop/SwitchGraphics/GamepadTouchScreen/SwitchCompiler/libnx/lib\libnx.a(applet.o)
 *fill*         0x0000000000001a24        0xc 
 .text._appletCmdInU32.constprop.48
                0x0000000000001a30      0x16c D:/Profiles/njp2424/Desktop/SwitchGraphics/GamepadTouchScreen/SwitchCompiler/libnx/lib\libnx.a(applet.o)
 *fill*         0x0000000000001b9c        0x4 
 .text._appletSetFocusHandlingMode
                0x0000000000001ba0      0x17c D:/Profiles/njp2424/Desktop/SwitchGraphics/GamepadTouchScreen/SwitchCompiler/libnx/lib\libnx.a(applet.o)
 *fill*         0x0000000000001d1c        0x4 
 .text._appletGetHandle.constprop.42
                0x0000000000001d20      0x178 D:/Profiles/njp2424/Desktop/SwitchGraphics/GamepadTouchScreen/SwitchCompiler/libnx/lib\libnx.a(applet.o)
 *fill*         0x0000000000001e98        0x8 
 .text._appletGetEvent.constprop.41
                0x0000000000001ea0       0x54 D:/Profiles/njp2424/Desktop/SwitchGraphics/GamepadTouchScreen/SwitchCompiler/libnx/lib\libnx.a(applet.o)
 *fill*         0x0000000000001ef4        0xc 
 .text._appletGetSessionProxy.constprop.40
                0x0000000000001f00      0x1f0 D:/Profiles/njp2424/Desktop/SwitchGraphics/GamepadTouchScreen/SwitchCompiler/libnx/lib\libnx.a(applet.o)
 .text.appletGetAppletType
                0x00000000000020f0       0x10 D:/Profiles/njp2424/Desktop/SwitchGraphics/GamepadTouchScreen/SwitchCompiler/libnx/lib\libnx.a(applet.o)
                0x00000000000020f0                appletGetAppletType
 .text.appletSetFocusHandlingMode
                0x0000000000002100       0xf0 D:/Profiles/njp2424/Desktop/SwitchGraphics/GamepadTouchScreen/SwitchCompiler/libnx/lib\libnx.a(applet.o)
                0x0000000000002100                appletSetFocusHandlingMode
 .text.appletGetAppletResourceUserId
                0x00000000000021f0       0x28 D:/Profiles/njp2424/Desktop/SwitchGraphics/GamepadTouchScreen/SwitchCompiler/libnx/lib\libnx.a(applet.o)
                0x00000000000021f0                appletGetAppletResourceUserId
 *fill*         0x0000000000002218        0x8 
 .text.appletNotifyRunning
                0x0000000000002220      0x174 D:/Profiles/njp2424/Desktop/SwitchGraphics/GamepadTouchScreen/SwitchCompiler/libnx/lib\libnx.a(applet.o)
                0x0000000000002220                appletNotifyRunning
 *fill*         0x0000000000002394        0xc 
 .text.appletSetGamePlayRecordingState
                0x00000000000023a0      0x158 D:/Profiles/njp2424/Desktop/SwitchGraphics/GamepadTouchScreen/SwitchCompiler/libnx/lib\libnx.a(applet.o)
                0x00000000000023a0                appletSetGamePlayRecordingState
 *fill*         0x00000000000024f8        0x8 
 .text.appletSetCpuBoostMode
                0x0000000000002500       0x50 D:/Profiles/njp2424/Desktop/SwitchGraphics/GamepadTouchScreen/SwitchCompiler/libnx/lib\libnx.a(applet.o)
                0x0000000000002500                appletSetCpuBoostMode
 .text.appletExit
                0x0000000000002550      0x5dc D:/Profiles/njp2424/Desktop/SwitchGraphics/GamepadTouchScreen/SwitchCompiler/libnx/lib\libnx.a(applet.o)
                0x0000000000002550                appletExit
 *fill*         0x0000000000002b2c        0x4 
 .text.appletInitialize
                0x0000000000002b30      0x4f0 D:/Profiles/njp2424/Desktop/SwitchGraphics/GamepadTouchScreen/SwitchCompiler/libnx/lib\libnx.a(applet.o)
                0x0000000000002b30                appletInitialize
 .text._appletExitProcess
                0x0000000000003020       0x10 D:/Profiles/njp2424/Desktop/SwitchGraphics/GamepadTouchScreen/SwitchCompiler/libnx/lib\libnx.a(applet.o)
 .text.appletCreateManagedDisplayLayer
                0x0000000000003030       0x14 D:/Profiles/njp2424/Desktop/SwitchGraphics/GamepadTouchScreen/SwitchCompiler/libnx/lib\libnx.a(applet.o)
                0x0000000000003030                appletCreateManagedDisplayLayer
 *fill*         0x0000000000003044        0xc 
 .text.appletGetMessage
                0x0000000000003050       0x5c D:/Profiles/njp2424/Desktop/SwitchGraphics/GamepadTouchScreen/SwitchCompiler/libnx/lib\libnx.a(applet.o)
                0x0000000000003050                appletGetMessage
 *fill*         0x00000000000030ac        0x4 
 .text.appletProcessMessage
                0x00000000000030b0      0x118 D:/Profiles/njp2424/Desktop/SwitchGraphics/GamepadTouchScreen/SwitchCompiler/libnx/lib\libnx.a(applet.o)
                0x00000000000030b0                appletProcessMessage
 *fill*         0x00000000000031c8        0x8 
 .text.appletMainLoop
                0x00000000000031d0       0x34 D:/Profiles/njp2424/Desktop/SwitchGraphics/GamepadTouchScreen/SwitchCompiler/libnx/lib\libnx.a(applet.o)
                0x00000000000031d0                appletMainLoop
 *fill*         0x0000000000003204        0xc 
 .text.ipcCloseObjectById
                0x0000000000003210       0x34 D:/Profiles/njp2424/Desktop/SwitchGraphics/GamepadTouchScreen/SwitchCompiler/libnx/lib\libnx.a(hid.o)
 *fill*         0x0000000000003244        0xc 
 .text._hidGetSharedMemoryHandle.constprop.10
                0x0000000000003250      0x124 D:/Profiles/njp2424/Desktop/SwitchGraphics/GamepadTouchScreen/SwitchCompiler/libnx/lib\libnx.a(hid.o)
 *fill*         0x0000000000003374        0xc 
 .text._hidCmdWithNoInput
                0x0000000000003380      0x100 D:/Profiles/njp2424/Desktop/SwitchGraphics/GamepadTouchScreen/SwitchCompiler/libnx/lib\libnx.a(hid.o)
 .text._hidCreateAppletResource.constprop.9
                0x0000000000003480      0x134 D:/Profiles/njp2424/Desktop/SwitchGraphics/GamepadTouchScreen/SwitchCompiler/libnx/lib\libnx.a(hid.o)
 *fill*         0x00000000000035b4        0xc 
 .text._hidCmdWithInputU32
                0x00000000000035c0      0x10c D:/Profiles/njp2424/Desktop/SwitchGraphics/GamepadTouchScreen/SwitchCompiler/libnx/lib\libnx.a(hid.o)
 *fill*         0x00000000000036cc        0x4 
 .text._hidCmdWithInputU64.constprop.11
                0x00000000000036d0      0x108 D:/Profiles/njp2424/Desktop/SwitchGraphics/GamepadTouchScreen/SwitchCompiler/libnx/lib\libnx.a(hid.o)
 *fill*         0x00000000000037d8        0x8 
 .text.hidReset
                0x00000000000037e0      0x1e0 D:/Profiles/njp2424/Desktop/SwitchGraphics/GamepadTouchScreen/SwitchCompiler/libnx/lib\libnx.a(hid.o)
                0x00000000000037e0                hidReset
 .text.hidGetSharedmemAddr
                0x00000000000039c0        0xc D:/Profiles/njp2424/Desktop/SwitchGraphics/GamepadTouchScreen/SwitchCompiler/libnx/lib\libnx.a(hid.o)
                0x00000000000039c0                hidGetSharedmemAddr
 *fill*         0x00000000000039cc        0x4 
 .text.hidKeysDown
                0x00000000000039d0       0x6c D:/Profiles/njp2424/Desktop/SwitchGraphics/GamepadTouchScreen/SwitchCompiler/libnx/lib\libnx.a(hid.o)
                0x00000000000039d0                hidKeysDown
 *fill*         0x0000000000003a3c        0x4 
 .text.hidTouchCount
                0x0000000000003a40        0xc D:/Profiles/njp2424/Desktop/SwitchGraphics/GamepadTouchScreen/SwitchCompiler/libnx/lib\libnx.a(hid.o)
                0x0000000000003a40                hidTouchCount
 *fill*         0x0000000000003a4c        0x4 
 .text.hidScanInput
                0x0000000000003a50      0x578 D:/Profiles/njp2424/Desktop/SwitchGraphics/GamepadTouchScreen/SwitchCompiler/libnx/lib\libnx.a(hid.o)
                0x0000000000003a50                hidScanInput
 *fill*         0x0000000000003fc8        0x8 
 .text.hidTouchRead
                0x0000000000003fd0       0x54 D:/Profiles/njp2424/Desktop/SwitchGraphics/GamepadTouchScreen/SwitchCompiler/libnx/lib\libnx.a(hid.o)
                0x0000000000003fd0                hidTouchRead
 *fill*         0x0000000000004024        0xc 
 .text.hidSetSupportedNpadIdType
                0x0000000000004030      0x198 D:/Profiles/njp2424/Desktop/SwitchGraphics/GamepadTouchScreen/SwitchCompiler/libnx/lib\libnx.a(hid.o)
                0x0000000000004030                hidSetSupportedNpadIdType
 *fill*         0x00000000000041c8        0x8 
 .text.hidSetSupportedNpadStyleSet
                0x00000000000041d0        0xc D:/Profiles/njp2424/Desktop/SwitchGraphics/GamepadTouchScreen/SwitchCompiler/libnx/lib\libnx.a(hid.o)
                0x00000000000041d0                hidSetSupportedNpadStyleSet
 *fill*         0x00000000000041dc        0x4 
 .text.hidSetNpadJoyHoldType
                0x00000000000041e0        0x8 D:/Profiles/njp2424/Desktop/SwitchGraphics/GamepadTouchScreen/SwitchCompiler/libnx/lib\libnx.a(hid.o)
                0x00000000000041e0                hidSetNpadJoyHoldType
 *fill*         0x00000000000041e8        0x8 
 .text.hidSetNpadJoyAssignmentModeDual
                0x00000000000041f0        0xc D:/Profiles/njp2424/Desktop/SwitchGraphics/GamepadTouchScreen/SwitchCompiler/libnx/lib\libnx.a(hid.o)
                0x00000000000041f0                hidSetNpadJoyAssignmentModeDual
 *fill*         0x00000000000041fc        0x4 
 .text.hidExit  0x0000000000004200      0x12c D:/Profiles/njp2424/Desktop/SwitchGraphics/GamepadTouchScreen/SwitchCompiler/libnx/lib\libnx.a(hid.o)
                0x0000000000004200                hidExit
 *fill*         0x000000000000432c        0x4 
 .text.hidInitialize
                0x0000000000004330      0x168 D:/Profiles/njp2424/Desktop/SwitchGraphics/GamepadTouchScreen/SwitchCompiler/libnx/lib\libnx.a(hid.o)
                0x0000000000004330                hidInitialize
 *fill*         0x0000000000004498        0x8 
 .text.ipcCloseObjectById
                0x00000000000044a0       0x34 D:/Profiles/njp2424/Desktop/SwitchGraphics/GamepadTouchScreen/SwitchCompiler/libnx/lib\libnx.a(apm.o)
 *fill*         0x00000000000044d4        0xc 
 .text._apmGetSession.constprop.4
                0x00000000000044e0      0x124 D:/Profiles/njp2424/Desktop/SwitchGraphics/GamepadTouchScreen/SwitchCompiler/libnx/lib\libnx.a(apm.o)
 *fill*         0x0000000000004604        0xc 
 .text.apmExit  0x0000000000004610       0xf0 D:/Profiles/njp2424/Desktop/SwitchGraphics/GamepadTouchScreen/SwitchCompiler/libnx/lib\libnx.a(apm.o)
                0x0000000000004610                apmExit
 .text.apmInitialize
                0x0000000000004700       0x70 D:/Profiles/njp2424/Desktop/SwitchGraphics/GamepadTouchScreen/SwitchCompiler/libnx/lib\libnx.a(apm.o)
                0x0000000000004700                apmInitialize
 .text.apmSetPerformanceConfiguration
                0x0000000000004770       0xcc D:/Profiles/njp2424/Desktop/SwitchGraphics/GamepadTouchScreen/SwitchCompiler/libnx/lib\libnx.a(apm.o)
                0x0000000000004770                apmSetPerformanceConfiguration
 *fill*         0x000000000000483c        0x4 
 .text._fatalImpl
                0x0000000000004840      0x140 D:/Profiles/njp2424/Desktop/SwitchGraphics/GamepadTouchScreen/SwitchCompiler/libnx/lib\libnx.a(fatal.o)
 .text.fatalWithType
                0x0000000000004980       0x14 D:/Profiles/njp2424/Desktop/SwitchGraphics/GamepadTouchScreen/SwitchCompiler/libnx/lib\libnx.a(fatal.o)
                0x0000000000004980                fatalWithType
 *fill*         0x0000000000004994        0xc 
 .text.fatalSimple
                0x00000000000049a0       0x14 D:/Profiles/njp2424/Desktop/SwitchGraphics/GamepadTouchScreen/SwitchCompiler/libnx/lib\libnx.a(fatal.o)
                0x00000000000049a0                fatalSimple
 *fill*         0x00000000000049b4        0xc 
 .text.smAddOverrideHandle
                0x00000000000049c0       0x44 D:/Profiles/njp2424/Desktop/SwitchGraphics/GamepadTouchScreen/SwitchCompiler/libnx/lib\libnx.a(sm.o)
                0x00000000000049c0                smAddOverrideHandle
 *fill*         0x0000000000004a04        0xc 
 .text.smGetServiceOverride
                0x0000000000004a10       0x60 D:/Profiles/njp2424/Desktop/SwitchGraphics/GamepadTouchScreen/SwitchCompiler/libnx/lib\libnx.a(sm.o)
                0x0000000000004a10                smGetServiceOverride
 .text.smHasInitialized
                0x0000000000004a70       0x14 D:/Profiles/njp2424/Desktop/SwitchGraphics/GamepadTouchScreen/SwitchCompiler/libnx/lib\libnx.a(sm.o)
                0x0000000000004a70                smHasInitialized
 *fill*         0x0000000000004a84        0xc 
 .text.smExit   0x0000000000004a90       0x5c D:/Profiles/njp2424/Desktop/SwitchGraphics/GamepadTouchScreen/SwitchCompiler/libnx/lib\libnx.a(sm.o)
                0x0000000000004a90                smExit
 *fill*         0x0000000000004aec        0x4 
 .text.smEncodeName
                0x0000000000004af0       0x38 D:/Profiles/njp2424/Desktop/SwitchGraphics/GamepadTouchScreen/SwitchCompiler/libnx/lib\libnx.a(sm.o)
                0x0000000000004af0                smEncodeName
 *fill*         0x0000000000004b28        0x8 
 .text.smGetServiceOriginal
                0x0000000000004b30      0x12c D:/Profiles/njp2424/Desktop/SwitchGraphics/GamepadTouchScreen/SwitchCompiler/libnx/lib\libnx.a(sm.o)
                0x0000000000004b30                smGetServiceOriginal
 *fill*         0x0000000000004c5c        0x4 
 .text.smInitialize
                0x0000000000004c60      0x1a0 D:/Profiles/njp2424/Desktop/SwitchGraphics/GamepadTouchScreen/SwitchCompiler/libnx/lib\libnx.a(sm.o)
                0x0000000000004c60                smInitialize
 .text.smGetService
                0x0000000000004e00       0x74 D:/Profiles/njp2424/Desktop/SwitchGraphics/GamepadTouchScreen/SwitchCompiler/libnx/lib\libnx.a(sm.o)
                0x0000000000004e00                smGetService
 *fill*         0x0000000000004e74        0xc 
 .text.hosversionGet
                0x0000000000004e80       0x10 D:/Profiles/njp2424/Desktop/SwitchGraphics/GamepadTouchScreen/SwitchCompiler/libnx/lib\libnx.a(hosversion.o)
                0x0000000000004e80                hosversionGet
 .text.hosversionSet
                0x0000000000004e90       0x10 D:/Profiles/njp2424/Desktop/SwitchGraphics/GamepadTouchScreen/SwitchCompiler/libnx/lib\libnx.a(hosversion.o)
                0x0000000000004e90                hosversionSet
 .text.envSetup
                0x0000000000004ea0      0x208 D:/Profiles/njp2424/Desktop/SwitchGraphics/GamepadTouchScreen/SwitchCompiler/libnx/lib\libnx.a(env.o)
                0x0000000000004ea0                envSetup
 *fill*         0x00000000000050a8        0x8 
 .text.envGetMainThreadHandle
                0x00000000000050b0       0x20 D:/Profiles/njp2424/Desktop/SwitchGraphics/GamepadTouchScreen/SwitchCompiler/libnx/lib\libnx.a(env.o)
                0x00000000000050b0                envGetMainThreadHandle
 .text.envIsNso
                0x00000000000050d0        0xc D:/Profiles/njp2424/Desktop/SwitchGraphics/GamepadTouchScreen/SwitchCompiler/libnx/lib\libnx.a(env.o)
                0x00000000000050d0                envIsNso
 *fill*         0x00000000000050dc        0x4 
 .text.envHasHeapOverride
                0x00000000000050e0       0x14 D:/Profiles/njp2424/Desktop/SwitchGraphics/GamepadTouchScreen/SwitchCompiler/libnx/lib\libnx.a(env.o)
                0x00000000000050e0                envHasHeapOverride
 *fill*         0x00000000000050f4        0xc 
 .text.envGetHeapOverrideAddr
                0x0000000000005100        0xc D:/Profiles/njp2424/Desktop/SwitchGraphics/GamepadTouchScreen/SwitchCompiler/libnx/lib\libnx.a(env.o)
                0x0000000000005100                envGetHeapOverrideAddr
 *fill*         0x000000000000510c        0x4 
 .text.envGetHeapOverrideSize
                0x0000000000005110        0xc D:/Profiles/njp2424/Desktop/SwitchGraphics/GamepadTouchScreen/SwitchCompiler/libnx/lib\libnx.a(env.o)
                0x0000000000005110                envGetHeapOverrideSize
 *fill*         0x000000000000511c        0x4 
 .text.envHasArgv
                0x0000000000005120       0x14 D:/Profiles/njp2424/Desktop/SwitchGraphics/GamepadTouchScreen/SwitchCompiler/libnx/lib\libnx.a(env.o)
                0x0000000000005120                envHasArgv
 *fill*         0x0000000000005134        0xc 
 .text.envGetArgv
                0x0000000000005140        0xc D:/Profiles/njp2424/Desktop/SwitchGraphics/GamepadTouchScreen/SwitchCompiler/libnx/lib\libnx.a(env.o)
                0x0000000000005140                envGetArgv
 *fill*         0x000000000000514c        0x4 
 .text.envGetExitFuncPtr
                0x0000000000005150        0xc D:/Profiles/njp2424/Desktop/SwitchGraphics/GamepadTouchScreen/SwitchCompiler/libnx/lib\libnx.a(env.o)
                0x0000000000005150                envGetExitFuncPtr
 *fill*         0x000000000000515c        0x4 
 .text.envSetExitFuncPtr
                0x0000000000005160        0xc D:/Profiles/njp2424/Desktop/SwitchGraphics/GamepadTouchScreen/SwitchCompiler/libnx/lib\libnx.a(env.o)
                0x0000000000005160                envSetExitFuncPtr
 *fill*         0x000000000000516c        0x4 
 .text.consoleDrawChar
                0x0000000000005170       0x44 D:/Profiles/njp2424/Desktop/SwitchGraphics/GamepadTouchScreen/SwitchCompiler/libnx/lib\libnx.a(console.o)
 *fill*         0x00000000000051b4        0xc 
 .text.consoleClearLine
                0x00000000000051c0      0x140 D:/Profiles/njp2424/Desktop/SwitchGraphics/GamepadTouchScreen/SwitchCompiler/libnx/lib\libnx.a(console.o)
 .text.consoleNewRow
                0x0000000000005300       0x4c D:/Profiles/njp2424/Desktop/SwitchGraphics/GamepadTouchScreen/SwitchCompiler/libnx/lib\libnx.a(console.o)
 *fill*         0x000000000000534c        0x4 
 .text.consolePrintChar
                0x0000000000005350      0x118 D:/Profiles/njp2424/Desktop/SwitchGraphics/GamepadTouchScreen/SwitchCompiler/libnx/lib\libnx.a(console.o)
 *fill*         0x0000000000005468        0x8 
 .text.consoleCls
                0x0000000000005470      0x15c D:/Profiles/njp2424/Desktop/SwitchGraphics/GamepadTouchScreen/SwitchCompiler/libnx/lib\libnx.a(console.o)
 *fill*         0x00000000000055cc        0x4 
 .text.con_write
                0x00000000000055d0      0x7e0 D:/Profiles/njp2424/Desktop/SwitchGraphics/GamepadTouchScreen/SwitchCompiler/libnx/lib\libnx.a(console.o)
 .text.consoleInit
                0x0000000000005db0      0x11c D:/Profiles/njp2424/Desktop/SwitchGraphics/GamepadTouchScreen/SwitchCompiler/libnx/lib\libnx.a(console.o)
                0x0000000000005db0                consoleInit
 *fill*         0x0000000000005ecc        0x4 
 .text.consoleExit
                0x0000000000005ed0       0x48 D:/Profiles/njp2424/Desktop/SwitchGraphics/GamepadTouchScreen/SwitchCompiler/libnx/lib\libnx.a(console.o)
                0x0000000000005ed0                consoleExit
 *fill*         0x0000000000005f18        0x8 
 .text.consoleUpdate
                0x0000000000005f20       0x28 D:/Profiles/njp2424/Desktop/SwitchGraphics/GamepadTouchScreen/SwitchCompiler/libnx/lib\libnx.a(console.o)
                0x0000000000005f20                consoleUpdate
 *fill*         0x0000000000005f48        0x8 
 .text.consoleClear
                0x0000000000005f50        0xc D:/Profiles/njp2424/Desktop/SwitchGraphics/GamepadTouchScreen/SwitchCompiler/libnx/lib\libnx.a(console.o)
                0x0000000000005f50                consoleClear
 *fill*         0x0000000000005f5c        0x4 
 .text.ConsoleSwRenderer_flushAndSwap
                0x0000000000005f60       0x70 D:/Profiles/njp2424/Desktop/SwitchGraphics/GamepadTouchScreen/SwitchCompiler/libnx/lib\libnx.a(console_sw.o)
 .text.ConsoleSwRenderer_scrollWindow
                0x0000000000005fd0       0xc4 D:/Profiles/njp2424/Desktop/SwitchGraphics/GamepadTouchScreen/SwitchCompiler/libnx/lib\libnx.a(console_sw.o)
 *fill*         0x0000000000006094        0xc 
 .text.ConsoleSwRenderer_drawChar
                0x00000000000060a0      0x188 D:/Profiles/njp2424/Desktop/SwitchGraphics/GamepadTouchScreen/SwitchCompiler/libnx/lib\libnx.a(console_sw.o)
 *fill*         0x0000000000006228        0x8 
 .text.ConsoleSwRenderer_deinit
                0x0000000000006230       0x3c D:/Profiles/njp2424/Desktop/SwitchGraphics/GamepadTouchScreen/SwitchCompiler/libnx/lib\libnx.a(console_sw.o)
 *fill*         0x000000000000626c        0x4 
 .text.ConsoleSwRenderer_init
                0x0000000000006270       0xf4 D:/Profiles/njp2424/Desktop/SwitchGraphics/GamepadTouchScreen/SwitchCompiler/libnx/lib\libnx.a(console_sw.o)
 *fill*         0x0000000000006364        0xc 
 .text.getDefaultConsoleRenderer
                0x0000000000006370        0xc D:/Profiles/njp2424/Desktop/SwitchGraphics/GamepadTouchScreen/SwitchCompiler/libnx/lib\libnx.a(console_sw.o)
                0x0000000000006370                getDefaultConsoleRenderer
 .text.svcSetHeapSize
                0x000000000000637c       0x14 D:/Profiles/njp2424/Desktop/SwitchGraphics/GamepadTouchScreen/SwitchCompiler/libnx/lib\libnx.a(svc.o)
                0x000000000000637c                svcSetHeapSize
 .text.svcSetMemoryAttribute
                0x0000000000006390        0x8 D:/Profiles/njp2424/Desktop/SwitchGraphics/GamepadTouchScreen/SwitchCompiler/libnx/lib\libnx.a(svc.o)
                0x0000000000006390                svcSetMemoryAttribute
 .text.svcUnmapMemory
                0x0000000000006398        0x8 D:/Profiles/njp2424/Desktop/SwitchGraphics/GamepadTouchScreen/SwitchCompiler/libnx/lib\libnx.a(svc.o)
                0x0000000000006398                svcUnmapMemory
 .text.svcQueryMemory
                0x00000000000063a0       0x14 D:/Profiles/njp2424/Desktop/SwitchGraphics/GamepadTouchScreen/SwitchCompiler/libnx/lib\libnx.a(svc.o)
                0x00000000000063a0                svcQueryMemory
 .text.svcExitProcess
                0x00000000000063b4        0x8 D:/Profiles/njp2424/Desktop/SwitchGraphics/GamepadTouchScreen/SwitchCompiler/libnx/lib\libnx.a(svc.o)
                0x00000000000063b4                svcExitProcess
 .text.svcSleepThread
                0x00000000000063bc        0x8 D:/Profiles/njp2424/Desktop/SwitchGraphics/GamepadTouchScreen/SwitchCompiler/libnx/lib\libnx.a(svc.o)
                0x00000000000063bc                svcSleepThread
 .text.svcMapSharedMemory
                0x00000000000063c4        0x8 D:/Profiles/njp2424/Desktop/SwitchGraphics/GamepadTouchScreen/SwitchCompiler/libnx/lib\libnx.a(svc.o)
                0x00000000000063c4                svcMapSharedMemory
 .text.svcUnmapSharedMemory
                0x00000000000063cc        0x8 D:/Profiles/njp2424/Desktop/SwitchGraphics/GamepadTouchScreen/SwitchCompiler/libnx/lib\libnx.a(svc.o)
                0x00000000000063cc                svcUnmapSharedMemory
 .text.svcCreateTransferMemory
                0x00000000000063d4       0x14 D:/Profiles/njp2424/Desktop/SwitchGraphics/GamepadTouchScreen/SwitchCompiler/libnx/lib\libnx.a(svc.o)
                0x00000000000063d4                svcCreateTransferMemory
 .text.svcCloseHandle
                0x00000000000063e8        0x8 D:/Profiles/njp2424/Desktop/SwitchGraphics/GamepadTouchScreen/SwitchCompiler/libnx/lib\libnx.a(svc.o)
                0x00000000000063e8                svcCloseHandle
 .text.svcResetSignal
                0x00000000000063f0        0x8 D:/Profiles/njp2424/Desktop/SwitchGraphics/GamepadTouchScreen/SwitchCompiler/libnx/lib\libnx.a(svc.o)
                0x00000000000063f0                svcResetSignal
 .text.svcWaitSynchronization
                0x00000000000063f8       0x14 D:/Profiles/njp2424/Desktop/SwitchGraphics/GamepadTouchScreen/SwitchCompiler/libnx/lib\libnx.a(svc.o)
                0x00000000000063f8                svcWaitSynchronization
 .text.svcArbitrateLock
                0x000000000000640c        0x8 D:/Profiles/njp2424/Desktop/SwitchGraphics/GamepadTouchScreen/SwitchCompiler/libnx/lib\libnx.a(svc.o)
                0x000000000000640c                svcArbitrateLock
 .text.svcArbitrateUnlock
                0x0000000000006414        0x8 D:/Profiles/njp2424/Desktop/SwitchGraphics/GamepadTouchScreen/SwitchCompiler/libnx/lib\libnx.a(svc.o)
                0x0000000000006414                svcArbitrateUnlock
 .text.svcWaitProcessWideKeyAtomic
                0x000000000000641c        0x8 D:/Profiles/njp2424/Desktop/SwitchGraphics/GamepadTouchScreen/SwitchCompiler/libnx/lib\libnx.a(svc.o)
                0x000000000000641c                svcWaitProcessWideKeyAtomic
 .text.svcSignalProcessWideKey
                0x0000000000006424        0x8 D:/Profiles/njp2424/Desktop/SwitchGraphics/GamepadTouchScreen/SwitchCompiler/libnx/lib\libnx.a(svc.o)
                0x0000000000006424                svcSignalProcessWideKey
 .text.svcConnectToNamedPort
                0x000000000000642c       0x14 D:/Profiles/njp2424/Desktop/SwitchGraphics/GamepadTouchScreen/SwitchCompiler/libnx/lib\libnx.a(svc.o)
                0x000000000000642c                svcConnectToNamedPort
 .text.svcSendSyncRequest
                0x0000000000006440        0x8 D:/Profiles/njp2424/Desktop/SwitchGraphics/GamepadTouchScreen/SwitchCompiler/libnx/lib\libnx.a(svc.o)
                0x0000000000006440                svcSendSyncRequest
 .text.svcBreak
                0x0000000000006448        0x8 D:/Profiles/njp2424/Desktop/SwitchGraphics/GamepadTouchScreen/SwitchCompiler/libnx/lib\libnx.a(svc.o)
                0x0000000000006448                svcBreak
 .text.svcReturnFromException
                0x0000000000006450        0x8 D:/Profiles/njp2424/Desktop/SwitchGraphics/GamepadTouchScreen/SwitchCompiler/libnx/lib\libnx.a(svc.o)
                0x0000000000006450                svcReturnFromException
 .text.svcGetInfo
                0x0000000000006458       0x14 D:/Profiles/njp2424/Desktop/SwitchGraphics/GamepadTouchScreen/SwitchCompiler/libnx/lib\libnx.a(svc.o)
                0x0000000000006458                svcGetInfo
 .text.svcUnmapTransferMemory
                0x000000000000646c        0x8 D:/Profiles/njp2424/Desktop/SwitchGraphics/GamepadTouchScreen/SwitchCompiler/libnx/lib\libnx.a(svc.o)
                0x000000000000646c                svcUnmapTransferMemory
 *fill*         0x0000000000006474        0xc 
 .text.detectKernelVersion
                0x0000000000006480      0x17c D:/Profiles/njp2424/Desktop/SwitchGraphics/GamepadTouchScreen/SwitchCompiler/libnx/lib\libnx.a(detect.o)
                0x0000000000006480                detectKernelVersion
 *fill*         0x00000000000065fc        0x4 
 .text.detectDebugger
                0x0000000000006600       0x30 D:/Profiles/njp2424/Desktop/SwitchGraphics/GamepadTouchScreen/SwitchCompiler/libnx/lib\libnx.a(detect.o)
                0x0000000000006600                detectDebugger
 .text.shmemLoadRemote
                0x0000000000006630       0x14 D:/Profiles/njp2424/Desktop/SwitchGraphics/GamepadTouchScreen/SwitchCompiler/libnx/lib\libnx.a(shmem.o)
                0x0000000000006630                shmemLoadRemote
 *fill*         0x0000000000006644        0xc 
 .text.shmemMap
                0x0000000000006650       0x84 D:/Profiles/njp2424/Desktop/SwitchGraphics/GamepadTouchScreen/SwitchCompiler/libnx/lib\libnx.a(shmem.o)
                0x0000000000006650                shmemMap
 *fill*         0x00000000000066d4        0xc 
 .text.shmemUnmap
                0x00000000000066e0       0x58 D:/Profiles/njp2424/Desktop/SwitchGraphics/GamepadTouchScreen/SwitchCompiler/libnx/lib\libnx.a(shmem.o)
                0x00000000000066e0                shmemUnmap
 *fill*         0x0000000000006738        0x8 
 .text.shmemClose
                0x0000000000006740       0x44 D:/Profiles/njp2424/Desktop/SwitchGraphics/GamepadTouchScreen/SwitchCompiler/libnx/lib\libnx.a(shmem.o)
                0x0000000000006740                shmemClose
 *fill*         0x0000000000006784        0xc 
 .text._waitLoop
                0x0000000000006790      0x104 D:/Profiles/njp2424/Desktop/SwitchGraphics/GamepadTouchScreen/SwitchCompiler/libnx/lib\libnx.a(wait.o)
 *fill*         0x0000000000006894        0xc 
 .text._waitObjectsImpl
                0x00000000000068a0      0x338 D:/Profiles/njp2424/Desktop/SwitchGraphics/GamepadTouchScreen/SwitchCompiler/libnx/lib\libnx.a(wait.o)
 *fill*         0x0000000000006bd8        0x8 
 .text.waitObjects
                0x0000000000006be0        0xc D:/Profiles/njp2424/Desktop/SwitchGraphics/GamepadTouchScreen/SwitchCompiler/libnx/lib\libnx.a(wait.o)
                0x0000000000006be0                waitObjects
 *fill*         0x0000000000006bec        0x4 
 .text.rwlockReadLock
                0x0000000000006bf0       0x58 D:/Profiles/njp2424/Desktop/SwitchGraphics/GamepadTouchScreen/SwitchCompiler/libnx/lib\libnx.a(rwlock.o)
                0x0000000000006bf0                rwlockReadLock
 *fill*         0x0000000000006c48        0x8 
 .text.rwlockReadUnlock
                0x0000000000006c50       0x5c D:/Profiles/njp2424/Desktop/SwitchGraphics/GamepadTouchScreen/SwitchCompiler/libnx/lib\libnx.a(rwlock.o)
                0x0000000000006c50                rwlockReadUnlock
 *fill*         0x0000000000006cac        0x4 
 .text.rwlockWriteLock
                0x0000000000006cb0       0x84 D:/Profiles/njp2424/Desktop/SwitchGraphics/GamepadTouchScreen/SwitchCompiler/libnx/lib\libnx.a(rwlock.o)
                0x0000000000006cb0                rwlockWriteLock
 *fill*         0x0000000000006d34        0xc 
 .text.rwlockWriteUnlock
                0x0000000000006d40       0x3c D:/Profiles/njp2424/Desktop/SwitchGraphics/GamepadTouchScreen/SwitchCompiler/libnx/lib\libnx.a(rwlock.o)
                0x0000000000006d40                rwlockWriteUnlock
 *fill*         0x0000000000006d7c        0x4 
 .text.tmemCreate
                0x0000000000006d80       0xa8 D:/Profiles/njp2424/Desktop/SwitchGraphics/GamepadTouchScreen/SwitchCompiler/libnx/lib\libnx.a(tmem.o)
                0x0000000000006d80                tmemCreate
 *fill*         0x0000000000006e28        0x8 
 .text.tmemUnmap
                0x0000000000006e30       0x58 D:/Profiles/njp2424/Desktop/SwitchGraphics/GamepadTouchScreen/SwitchCompiler/libnx/lib\libnx.a(tmem.o)
                0x0000000000006e30                tmemUnmap
 *fill*         0x0000000000006e88        0x8 
 .text.tmemClose
                0x0000000000006e90       0x68 D:/Profiles/njp2424/Desktop/SwitchGraphics/GamepadTouchScreen/SwitchCompiler/libnx/lib\libnx.a(tmem.o)
                0x0000000000006e90                tmemClose
 *fill*         0x0000000000006ef8        0x8 
 .text.mutexLock
                0x0000000000006f00       0x8c D:/Profiles/njp2424/Desktop/SwitchGraphics/GamepadTouchScreen/SwitchCompiler/libnx/lib\libnx.a(mutex.o)
                0x0000000000006f00                mutexLock
 *fill*         0x0000000000006f8c        0x4 
 .text.mutexUnlock
                0x0000000000006f90       0x30 D:/Profiles/njp2424/Desktop/SwitchGraphics/GamepadTouchScreen/SwitchCompiler/libnx/lib\libnx.a(mutex.o)
                0x0000000000006f90                mutexUnlock
 .text.rmutexLock
                0x0000000000006fc0       0x4c D:/Profiles/njp2424/Desktop/SwitchGraphics/GamepadTouchScreen/SwitchCompiler/libnx/lib\libnx.a(mutex.o)
                0x0000000000006fc0                rmutexLock
 *fill*         0x000000000000700c        0x4 
 .text.rmutexUnlock
                0x0000000000007010       0x1c D:/Profiles/njp2424/Desktop/SwitchGraphics/GamepadTouchScreen/SwitchCompiler/libnx/lib\libnx.a(mutex.o)
                0x0000000000007010                rmutexUnlock
 *fill*         0x000000000000702c        0x4 
 .text._GetRegionFromInfo.isra.1
                0x0000000000007030       0x7c D:/Profiles/njp2424/Desktop/SwitchGraphics/GamepadTouchScreen/SwitchCompiler/libnx/lib\libnx.a(virtmem.o)
 *fill*         0x00000000000070ac        0x4 
 .text.virtmemSetup
                0x00000000000070b0      0x114 D:/Profiles/njp2424/Desktop/SwitchGraphics/GamepadTouchScreen/SwitchCompiler/libnx/lib\libnx.a(virtmem.o)
                0x00000000000070b0                virtmemSetup
 *fill*         0x00000000000071c4        0xc 
 .text.virtmemReserve
                0x00000000000071d0      0x13c D:/Profiles/njp2424/Desktop/SwitchGraphics/GamepadTouchScreen/SwitchCompiler/libnx/lib\libnx.a(virtmem.o)
                0x00000000000071d0                virtmemReserve
 *fill*         0x000000000000730c        0x4 
 .text.virtmemFree
                0x0000000000007310        0x4 D:/Profiles/njp2424/Desktop/SwitchGraphics/GamepadTouchScreen/SwitchCompiler/libnx/lib\libnx.a(virtmem.o)
                0x0000000000007310                virtmemFree
 *fill*         0x0000000000007314        0xc 
 .text.eventLoadRemote
                0x0000000000007320        0xc D:/Profiles/njp2424/Desktop/SwitchGraphics/GamepadTouchScreen/SwitchCompiler/libnx/lib\libnx.a(event.o)
                0x0000000000007320                eventLoadRemote
 *fill*         0x000000000000732c        0x4 
 .text.eventWait
                0x0000000000007330       0x38 D:/Profiles/njp2424/Desktop/SwitchGraphics/GamepadTouchScreen/SwitchCompiler/libnx/lib\libnx.a(event.o)
                0x0000000000007330                eventWait
 *fill*         0x0000000000007368        0x8 
 .text.eventClose
                0x0000000000007370       0x50 D:/Profiles/njp2424/Desktop/SwitchGraphics/GamepadTouchScreen/SwitchCompiler/libnx/lib\libnx.a(event.o)
                0x0000000000007370                eventClose
 .text.condvarWaitTimeout
                0x00000000000073c0       0x60 D:/Profiles/njp2424/Desktop/SwitchGraphics/GamepadTouchScreen/SwitchCompiler/libnx/lib\libnx.a(condvar.o)
                0x00000000000073c0                condvarWaitTimeout
 .text.framebufferMakeLinear
                0x0000000000007420       0x80 D:/Profiles/njp2424/Desktop/SwitchGraphics/GamepadTouchScreen/SwitchCompiler/libnx/lib\libnx.a(framebuffer.o)
                0x0000000000007420                framebufferMakeLinear
 .text.framebufferClose
                0x00000000000074a0       0x78 D:/Profiles/njp2424/Desktop/SwitchGraphics/GamepadTouchScreen/SwitchCompiler/libnx/lib\libnx.a(framebuffer.o)
                0x00000000000074a0                framebufferClose
 *fill*         0x0000000000007518        0x8 
 .text.framebufferCreate
                0x0000000000007520      0x298 D:/Profiles/njp2424/Desktop/SwitchGraphics/GamepadTouchScreen/SwitchCompiler/libnx/lib\libnx.a(framebuffer.o)
                0x0000000000007520                framebufferCreate
 *fill*         0x00000000000077b8        0x8 
 .text.framebufferBegin
                0x00000000000077c0       0x80 D:/Profiles/njp2424/Desktop/SwitchGraphics/GamepadTouchScreen/SwitchCompiler/libnx/lib\libnx.a(framebuffer.o)
                0x00000000000077c0                framebufferBegin
 .text.framebufferEnd
                0x0000000000007840      0x17c D:/Profiles/njp2424/Desktop/SwitchGraphics/GamepadTouchScreen/SwitchCompiler/libnx/lib\libnx.a(framebuffer.o)
                0x0000000000007840                framebufferEnd
 *fill*         0x00000000000079bc        0x4 
 .text.nwindowGetDefault
                0x00000000000079c0        0xc D:/Profiles/njp2424/Desktop/SwitchGraphics/GamepadTouchScreen/SwitchCompiler/libnx/lib\libnx.a(default_window.o)
                0x00000000000079c0                nwindowGetDefault
 *fill*         0x00000000000079cc        0x4 
 .text.__nx_win_init
                0x00000000000079d0       0xc8 D:/Profiles/njp2424/Desktop/SwitchGraphics/GamepadTouchScreen/SwitchCompiler/libnx/lib\libnx.a(default_window.o)
                0x00000000000079d0                __nx_win_init
 *fill*         0x0000000000007a98        0x8 
 .text.__nx_win_exit
                0x0000000000007aa0       0x34 D:/Profiles/njp2424/Desktop/SwitchGraphics/GamepadTouchScreen/SwitchCompiler/libnx/lib\libnx.a(default_window.o)
                0x0000000000007aa0                __nx_win_exit
 *fill*         0x0000000000007ad4        0xc 
 .text._nwindowConnect
                0x0000000000007ae0       0x54 D:/Profiles/njp2424/Desktop/SwitchGraphics/GamepadTouchScreen/SwitchCompiler/libnx/lib\libnx.a(native_window.o)
 *fill*         0x0000000000007b34        0xc 
 .text._nwindowDisconnect
                0x0000000000007b40       0x40 D:/Profiles/njp2424/Desktop/SwitchGraphics/GamepadTouchScreen/SwitchCompiler/libnx/lib\libnx.a(native_window.o)
 .text.nwindowIsValid
                0x0000000000007b80       0x24 D:/Profiles/njp2424/Desktop/SwitchGraphics/GamepadTouchScreen/SwitchCompiler/libnx/lib\libnx.a(native_window.o)
                0x0000000000007b80                nwindowIsValid
 *fill*         0x0000000000007ba4        0xc 
 .text.nwindowClose
                0x0000000000007bb0       0x6c D:/Profiles/njp2424/Desktop/SwitchGraphics/GamepadTouchScreen/SwitchCompiler/libnx/lib\libnx.a(native_window.o)
                0x0000000000007bb0                nwindowClose
 *fill*         0x0000000000007c1c        0x4 
 .text.nwindowCreate
                0x0000000000007c20       0xc4 D:/Profiles/njp2424/Desktop/SwitchGraphics/GamepadTouchScreen/SwitchCompiler/libnx/lib\libnx.a(native_window.o)
                0x0000000000007c20                nwindowCreate
 *fill*         0x0000000000007ce4        0xc 
 .text.nwindowCreateFromLayer
                0x0000000000007cf0        0xc D:/Profiles/njp2424/Desktop/SwitchGraphics/GamepadTouchScreen/SwitchCompiler/libnx/lib\libnx.a(native_window.o)
                0x0000000000007cf0                nwindowCreateFromLayer
 *fill*         0x0000000000007cfc        0x4 
 .text.nwindowSetDimensions
                0x0000000000007d00       0x88 D:/Profiles/njp2424/Desktop/SwitchGraphics/GamepadTouchScreen/SwitchCompiler/libnx/lib\libnx.a(native_window.o)
                0x0000000000007d00                nwindowSetDimensions
 *fill*         0x0000000000007d88        0x8 
 .text.nwindowConfigureBuffer
                0x0000000000007d90      0x154 D:/Profiles/njp2424/Desktop/SwitchGraphics/GamepadTouchScreen/SwitchCompiler/libnx/lib\libnx.a(native_window.o)
                0x0000000000007d90                nwindowConfigureBuffer
 *fill*         0x0000000000007ee4        0xc 
 .text.nwindowDequeueBuffer
                0x0000000000007ef0      0x1e4 D:/Profiles/njp2424/Desktop/SwitchGraphics/GamepadTouchScreen/SwitchCompiler/libnx/lib\libnx.a(native_window.o)
                0x0000000000007ef0                nwindowDequeueBuffer
 *fill*         0x00000000000080d4        0xc 
 .text.nwindowQueueBuffer
                0x00000000000080e0      0x144 D:/Profiles/njp2424/Desktop/SwitchGraphics/GamepadTouchScreen/SwitchCompiler/libnx/lib\libnx.a(native_window.o)
                0x00000000000080e0                nwindowQueueBuffer
 *fill*         0x0000000000008224        0xc 
 .text.nwindowReleaseBuffers
                0x0000000000008230       0xac D:/Profiles/njp2424/Desktop/SwitchGraphics/GamepadTouchScreen/SwitchCompiler/libnx/lib\libnx.a(native_window.o)
                0x0000000000008230                nwindowReleaseBuffers
 *fill*         0x00000000000082dc        0x4 
 .text.__nx_dynamic
                0x00000000000082e0       0xa0 D:/Profiles/njp2424/Desktop/SwitchGraphics/GamepadTouchScreen/SwitchCompiler/libnx/lib\libnx.a(dynamic.o)
                0x00000000000082e0                __nx_dynamic
 .text.__libnx_initheap
                0x0000000000008380       0xd8 D:/Profiles/njp2424/Desktop/SwitchGraphics/GamepadTouchScreen/SwitchCompiler/libnx/lib\libnx.a(init.o)
                0x0000000000008380                __libnx_initheap
 *fill*         0x0000000000008458        0x8 
 .text.__appInit
                0x0000000000008460       0xdc D:/Profiles/njp2424/Desktop/SwitchGraphics/GamepadTouchScreen/SwitchCompiler/libnx/lib\libnx.a(init.o)
                0x0000000000008460                __appInit
 *fill*         0x000000000000853c        0x4 
 .text.__appExit
                0x0000000000008540       0x44 D:/Profiles/njp2424/Desktop/SwitchGraphics/GamepadTouchScreen/SwitchCompiler/libnx/lib\libnx.a(init.o)
                0x0000000000008540                __appExit
 *fill*         0x0000000000008584        0xc 
 .text.__libnx_init
                0x0000000000008590       0x28 D:/Profiles/njp2424/Desktop/SwitchGraphics/GamepadTouchScreen/SwitchCompiler/libnx/lib\libnx.a(init.o)
                0x0000000000008590                __libnx_init
 *fill*         0x00000000000085b8        0x8 
 .text.__libnx_exit
                0x00000000000085c0       0x20 D:/Profiles/njp2424/Desktop/SwitchGraphics/GamepadTouchScreen/SwitchCompiler/libnx/lib\libnx.a(init.o)
                0x00000000000085c0                __libnx_exit
 .text.__syscall_exit
                0x00000000000085e0       0x1c D:/Profiles/njp2424/Desktop/SwitchGraphics/GamepadTouchScreen/SwitchCompiler/libnx/lib\libnx.a(newlib.o)
                0x00000000000085e0                __syscall_exit
 *fill*         0x00000000000085fc        0x4 
 .text.__syscall_getreent
                0x0000000000008600       0x34 D:/Profiles/njp2424/Desktop/SwitchGraphics/GamepadTouchScreen/SwitchCompiler/libnx/lib\libnx.a(newlib.o)
                0x0000000000008600                __syscall_getreent
 *fill*         0x0000000000008634        0xc 
 .text.__syscall_lock_acquire
                0x0000000000008640        0x4 D:/Profiles/njp2424/Desktop/SwitchGraphics/GamepadTouchScreen/SwitchCompiler/libnx/lib\libnx.a(newlib.o)
                0x0000000000008640                __syscall_lock_acquire
 *fill*         0x0000000000008644        0xc 
 .text.__syscall_lock_release
                0x0000000000008650        0x4 D:/Profiles/njp2424/Desktop/SwitchGraphics/GamepadTouchScreen/SwitchCompiler/libnx/lib\libnx.a(newlib.o)
                0x0000000000008650                __syscall_lock_release
 *fill*         0x0000000000008654        0xc 
 .text.__syscall_lock_acquire_recursive
                0x0000000000008660        0x4 D:/Profiles/njp2424/Desktop/SwitchGraphics/GamepadTouchScreen/SwitchCompiler/libnx/lib\libnx.a(newlib.o)
                0x0000000000008660                __syscall_lock_acquire_recursive
 *fill*         0x0000000000008664        0xc 
 .text.__syscall_lock_release_recursive
                0x0000000000008670        0x4 D:/Profiles/njp2424/Desktop/SwitchGraphics/GamepadTouchScreen/SwitchCompiler/libnx/lib\libnx.a(newlib.o)
                0x0000000000008670                __syscall_lock_release_recursive
 *fill*         0x0000000000008674        0xc 
 .text.__libnx_init_time
                0x0000000000008680      0x27c D:/Profiles/njp2424/Desktop/SwitchGraphics/GamepadTouchScreen/SwitchCompiler/libnx/lib\libnx.a(newlib.o)
                0x0000000000008680                __libnx_init_time
 *fill*         0x00000000000088fc        0x4 
 .text.newlibSetup
                0x0000000000008900       0x80 D:/Profiles/njp2424/Desktop/SwitchGraphics/GamepadTouchScreen/SwitchCompiler/libnx/lib\libnx.a(newlib.o)
                0x0000000000008900                newlibSetup
 .text.argvSetup
                0x0000000000008980      0x324 D:/Profiles/njp2424/Desktop/SwitchGraphics/GamepadTouchScreen/SwitchCompiler/libnx/lib\libnx.a(argv.o)
                0x0000000000008980                argvSetup
 *fill*         0x0000000000008ca4        0xc 
 .text.fsdev_link
                0x0000000000008cb0       0x10 D:/Profiles/njp2424/Desktop/SwitchGraphics/GamepadTouchScreen/SwitchCompiler/libnx/lib\libnx.a(fs_dev.o)
 .text.fsdev_dirreset
                0x0000000000008cc0       0x10 D:/Profiles/njp2424/Desktop/SwitchGraphics/GamepadTouchScreen/SwitchCompiler/libnx/lib\libnx.a(fs_dev.o)
 .text.fsdev_chmod
                0x0000000000008cd0       0x10 D:/Profiles/njp2424/Desktop/SwitchGraphics/GamepadTouchScreen/SwitchCompiler/libnx/lib\libnx.a(fs_dev.o)
 .text.error_cmp
                0x0000000000008ce0       0x1c D:/Profiles/njp2424/Desktop/SwitchGraphics/GamepadTouchScreen/SwitchCompiler/libnx/lib\libnx.a(fs_dev.o)
 *fill*         0x0000000000008cfc        0x4 
 .text.fsdev_translate_error
                0x0000000000008d00       0x58 D:/Profiles/njp2424/Desktop/SwitchGraphics/GamepadTouchScreen/SwitchCompiler/libnx/lib\libnx.a(fs_dev.o)
 *fill*         0x0000000000008d58        0x8 
 .text.fsdev_fsync
                0x0000000000008d60       0x40 D:/Profiles/njp2424/Desktop/SwitchGraphics/GamepadTouchScreen/SwitchCompiler/libnx/lib\libnx.a(fs_dev.o)
 .text.fsdev_ftruncate
                0x0000000000008da0       0x60 D:/Profiles/njp2424/Desktop/SwitchGraphics/GamepadTouchScreen/SwitchCompiler/libnx/lib\libnx.a(fs_dev.o)
 .text.fsdev_dirclose
                0x0000000000008e00       0x20 D:/Profiles/njp2424/Desktop/SwitchGraphics/GamepadTouchScreen/SwitchCompiler/libnx/lib\libnx.a(fs_dev.o)
 .text.fsdev_dirnext
                0x0000000000008e20      0x16c D:/Profiles/njp2424/Desktop/SwitchGraphics/GamepadTouchScreen/SwitchCompiler/libnx/lib\libnx.a(fs_dev.o)
 *fill*         0x0000000000008f8c        0x4 
 .text.fsdev_close
                0x0000000000008f90       0x1c D:/Profiles/njp2424/Desktop/SwitchGraphics/GamepadTouchScreen/SwitchCompiler/libnx/lib\libnx.a(fs_dev.o)
 *fill*         0x0000000000008fac        0x4 
 .text.fsdev_fstat
                0x0000000000008fb0       0xa4 D:/Profiles/njp2424/Desktop/SwitchGraphics/GamepadTouchScreen/SwitchCompiler/libnx/lib\libnx.a(fs_dev.o)
 *fill*         0x0000000000009054        0xc 
 .text.fsdev_seek
                0x0000000000009060       0xb0 D:/Profiles/njp2424/Desktop/SwitchGraphics/GamepadTouchScreen/SwitchCompiler/libnx/lib\libnx.a(fs_dev.o)
 .text.fsdev_read
                0x0000000000009110      0x198 D:/Profiles/njp2424/Desktop/SwitchGraphics/GamepadTouchScreen/SwitchCompiler/libnx/lib\libnx.a(fs_dev.o)
 *fill*         0x00000000000092a8        0x8 
 .text.fsdev_write
                0x00000000000092b0      0x1a0 D:/Profiles/njp2424/Desktop/SwitchGraphics/GamepadTouchScreen/SwitchCompiler/libnx/lib\libnx.a(fs_dev.o)
 .text.fsdevFindDevice
                0x0000000000009450      0x120 D:/Profiles/njp2424/Desktop/SwitchGraphics/GamepadTouchScreen/SwitchCompiler/libnx/lib\libnx.a(fs_dev.o)
 .text._fsdevMountDevice
                0x0000000000009570      0x140 D:/Profiles/njp2424/Desktop/SwitchGraphics/GamepadTouchScreen/SwitchCompiler/libnx/lib\libnx.a(fs_dev.o)
 .text.fsdev_getfspath
                0x00000000000096b0      0x1fc D:/Profiles/njp2424/Desktop/SwitchGraphics/GamepadTouchScreen/SwitchCompiler/libnx/lib\libnx.a(fs_dev.o)
 *fill*         0x00000000000098ac        0x4 
 .text.fsdev_rmdir
                0x00000000000098b0       0x70 D:/Profiles/njp2424/Desktop/SwitchGraphics/GamepadTouchScreen/SwitchCompiler/libnx/lib\libnx.a(fs_dev.o)
 .text.fsdev_statvfs
                0x0000000000009920       0xd4 D:/Profiles/njp2424/Desktop/SwitchGraphics/GamepadTouchScreen/SwitchCompiler/libnx/lib\libnx.a(fs_dev.o)
 *fill*         0x00000000000099f4        0xc 
 .text.fsdev_diropen
                0x0000000000009a00       0xec D:/Profiles/njp2424/Desktop/SwitchGraphics/GamepadTouchScreen/SwitchCompiler/libnx/lib\libnx.a(fs_dev.o)
 *fill*         0x0000000000009aec        0x4 
 .text.fsdev_mkdir
                0x0000000000009af0       0x70 D:/Profiles/njp2424/Desktop/SwitchGraphics/GamepadTouchScreen/SwitchCompiler/libnx/lib\libnx.a(fs_dev.o)
 .text.fsdev_rename
                0x0000000000009b60      0x114 D:/Profiles/njp2424/Desktop/SwitchGraphics/GamepadTouchScreen/SwitchCompiler/libnx/lib\libnx.a(fs_dev.o)
 *fill*         0x0000000000009c74        0xc 
 .text.fsdev_chdir
                0x0000000000009c80       0xe8 D:/Profiles/njp2424/Desktop/SwitchGraphics/GamepadTouchScreen/SwitchCompiler/libnx/lib\libnx.a(fs_dev.o)
 *fill*         0x0000000000009d68        0x8 
 .text.fsdev_unlink
                0x0000000000009d70       0x70 D:/Profiles/njp2424/Desktop/SwitchGraphics/GamepadTouchScreen/SwitchCompiler/libnx/lib\libnx.a(fs_dev.o)
 .text.fsdev_stat
                0x0000000000009de0      0x1bc D:/Profiles/njp2424/Desktop/SwitchGraphics/GamepadTouchScreen/SwitchCompiler/libnx/lib\libnx.a(fs_dev.o)
 *fill*         0x0000000000009f9c        0x4 
 .text.fsdev_open
                0x0000000000009fa0      0x19c D:/Profiles/njp2424/Desktop/SwitchGraphics/GamepadTouchScreen/SwitchCompiler/libnx/lib\libnx.a(fs_dev.o)
 *fill*         0x000000000000a13c        0x4 
 .text._fsdevUnmountDeviceStruct.part.4
                0x000000000000a140       0xb8 D:/Profiles/njp2424/Desktop/SwitchGraphics/GamepadTouchScreen/SwitchCompiler/libnx/lib\libnx.a(fs_dev.o)
 *fill*         0x000000000000a1f8        0x8 
 .text.fsdev_fchmod
                0x000000000000a200       0x10 D:/Profiles/njp2424/Desktop/SwitchGraphics/GamepadTouchScreen/SwitchCompiler/libnx/lib\libnx.a(fs_dev.o)
 .text.fsdevMountSdmc
                0x000000000000a210      0x170 D:/Profiles/njp2424/Desktop/SwitchGraphics/GamepadTouchScreen/SwitchCompiler/libnx/lib\libnx.a(fs_dev.o)
                0x000000000000a210                fsdevMountSdmc
 .text.fsdevUnmountAll
                0x000000000000a380       0x64 D:/Profiles/njp2424/Desktop/SwitchGraphics/GamepadTouchScreen/SwitchCompiler/libnx/lib\libnx.a(fs_dev.o)
                0x000000000000a380                fsdevUnmountAll
 *fill*         0x000000000000a3e4        0xc 
 .text.decode_utf8
                0x000000000000a3f0      0x12c D:/Profiles/njp2424/Desktop/SwitchGraphics/GamepadTouchScreen/SwitchCompiler/libnx/lib\libnx.a(decode_utf8.o)
                0x000000000000a3f0                decode_utf8
 .text.armDCacheFlush
                0x000000000000a51c       0x3c D:/Profiles/njp2424/Desktop/SwitchGraphics/GamepadTouchScreen/SwitchCompiler/libnx/lib\libnx.a(cache.o)
                0x000000000000a51c                armDCacheFlush
 .text.__libnx_exception_entry
                0x000000000000a558      0x1c0 D:/Profiles/njp2424/Desktop/SwitchGraphics/GamepadTouchScreen/SwitchCompiler/libnx/lib\libnx.a(exception.o)
                0x000000000000a558                __libnx_exception_entry
 .text.__libnx_exception_returnentry
                0x000000000000a718       0x18 D:/Profiles/njp2424/Desktop/SwitchGraphics/GamepadTouchScreen/SwitchCompiler/libnx/lib\libnx.a(exception.o)
                0x000000000000a718                __libnx_exception_returnentry
 .text.__aarch64_read_tp
                0x000000000000a730        0xc D:/Profiles/njp2424/Desktop/SwitchGraphics/GamepadTouchScreen/SwitchCompiler/libnx/lib\libnx.a(readtp.o)
                0x000000000000a730                __aarch64_read_tp
 *fill*         0x000000000000a73c        0x4 
 .text.ipcCloseObjectById
                0x000000000000a740       0x34 D:/Profiles/njp2424/Desktop/SwitchGraphics/GamepadTouchScreen/SwitchCompiler/libnx/lib\libnx.a(nv.o)
 *fill*         0x000000000000a774        0xc 
 .text._nvSetClientPID
                0x000000000000a780       0xd8 D:/Profiles/njp2424/Desktop/SwitchGraphics/GamepadTouchScreen/SwitchCompiler/libnx/lib\libnx.a(nv.o)
 *fill*         0x000000000000a858        0x8 
 .text.ipcQueryPointerBufferSize.constprop.10
                0x000000000000a860       0xc8 D:/Profiles/njp2424/Desktop/SwitchGraphics/GamepadTouchScreen/SwitchCompiler/libnx/lib\libnx.a(nv.o)
 *fill*         0x000000000000a928        0x8 
 .text._nvInitialize.constprop.8
                0x000000000000a930       0xf0 D:/Profiles/njp2424/Desktop/SwitchGraphics/GamepadTouchScreen/SwitchCompiler/libnx/lib\libnx.a(nv.o)
 .text.ipcCloneSession.constprop.9
                0x000000000000aa20      0x10c D:/Profiles/njp2424/Desktop/SwitchGraphics/GamepadTouchScreen/SwitchCompiler/libnx/lib\libnx.a(nv.o)
 *fill*         0x000000000000ab2c        0x4 
 .text.nvExit   0x000000000000ab30      0x100 D:/Profiles/njp2424/Desktop/SwitchGraphics/GamepadTouchScreen/SwitchCompiler/libnx/lib\libnx.a(nv.o)
                0x000000000000ab30                nvExit
 .text.nvInitialize
                0x000000000000ac30      0x184 D:/Profiles/njp2424/Desktop/SwitchGraphics/GamepadTouchScreen/SwitchCompiler/libnx/lib\libnx.a(nv.o)
                0x000000000000ac30                nvInitialize
 *fill*         0x000000000000adb4        0xc 
 .text.nvConvertError
                0x000000000000adc0      0x12c D:/Profiles/njp2424/Desktop/SwitchGraphics/GamepadTouchScreen/SwitchCompiler/libnx/lib\libnx.a(nv.o)
                0x000000000000adc0                nvConvertError
 *fill*         0x000000000000aeec        0x4 
 .text.nvOpen   0x000000000000aef0      0x12c D:/Profiles/njp2424/Desktop/SwitchGraphics/GamepadTouchScreen/SwitchCompiler/libnx/lib\libnx.a(nv.o)
                0x000000000000aef0                nvOpen
 *fill*         0x000000000000b01c        0x4 
 .text.nvIoctl  0x000000000000b020      0x270 D:/Profiles/njp2424/Desktop/SwitchGraphics/GamepadTouchScreen/SwitchCompiler/libnx/lib\libnx.a(nv.o)
                0x000000000000b020                nvIoctl
 .text.nvClose  0x000000000000b290       0xdc D:/Profiles/njp2424/Desktop/SwitchGraphics/GamepadTouchScreen/SwitchCompiler/libnx/lib\libnx.a(nv.o)
                0x000000000000b290                nvClose
 *fill*         0x000000000000b36c        0x4 
 .text.nvQueryEvent
                0x000000000000b370      0x15c D:/Profiles/njp2424/Desktop/SwitchGraphics/GamepadTouchScreen/SwitchCompiler/libnx/lib\libnx.a(nv.o)
                0x000000000000b370                nvQueryEvent
 *fill*         0x000000000000b4cc        0x4 
 .text.ipcCloseObjectById
                0x000000000000b4d0       0x34 D:/Profiles/njp2424/Desktop/SwitchGraphics/GamepadTouchScreen/SwitchCompiler/libnx/lib\libnx.a(time.o)
 *fill*         0x000000000000b504        0xc 
 .text._timeGetSession
                0x000000000000b510      0x12c D:/Profiles/njp2424/Desktop/SwitchGraphics/GamepadTouchScreen/SwitchCompiler/libnx/lib\libnx.a(time.o)
 *fill*         0x000000000000b63c        0x4 
 .text.timeExit
                0x000000000000b640      0x1ec D:/Profiles/njp2424/Desktop/SwitchGraphics/GamepadTouchScreen/SwitchCompiler/libnx/lib\libnx.a(time.o)
                0x000000000000b640                timeExit
 *fill*         0x000000000000b82c        0x4 
 .text.timeInitialize
                0x000000000000b830       0xd8 D:/Profiles/njp2424/Desktop/SwitchGraphics/GamepadTouchScreen/SwitchCompiler/libnx/lib\libnx.a(time.o)
                0x000000000000b830                timeInitialize
 *fill*         0x000000000000b908        0x8 
 .text.timeGetCurrentTime
                0x000000000000b910      0x124 D:/Profiles/njp2424/Desktop/SwitchGraphics/GamepadTouchScreen/SwitchCompiler/libnx/lib\libnx.a(time.o)
                0x000000000000b910                timeGetCurrentTime
 *fill*         0x000000000000ba34        0xc 
 .text.timeToCalendarTimeWithMyRule
                0x000000000000ba40      0x118 D:/Profiles/njp2424/Desktop/SwitchGraphics/GamepadTouchScreen/SwitchCompiler/libnx/lib\libnx.a(time.o)
                0x000000000000ba40                timeToCalendarTimeWithMyRule
 *fill*         0x000000000000bb58        0x8 
 .text.ipcCloseObjectById
                0x000000000000bb60       0x34 D:/Profiles/njp2424/Desktop/SwitchGraphics/GamepadTouchScreen/SwitchCompiler/libnx/lib\libnx.a(vi.o)
 *fill*         0x000000000000bb94        0xc 
 .text._viGetSession.constprop.7
                0x000000000000bba0      0x134 D:/Profiles/njp2424/Desktop/SwitchGraphics/GamepadTouchScreen/SwitchCompiler/libnx/lib\libnx.a(vi.o)
 *fill*         0x000000000000bcd4        0xc 
 .text.viExit   0x000000000000bce0      0x1e4 D:/Profiles/njp2424/Desktop/SwitchGraphics/GamepadTouchScreen/SwitchCompiler/libnx/lib\libnx.a(vi.o)
                0x000000000000bce0                viExit
 *fill*         0x000000000000bec4        0xc 
 .text.viInitialize
                0x000000000000bed0      0x2f8 D:/Profiles/njp2424/Desktop/SwitchGraphics/GamepadTouchScreen/SwitchCompiler/libnx/lib\libnx.a(vi.o)
                0x000000000000bed0                viInitialize
 *fill*         0x000000000000c1c8        0x8 
 .text.viGetSession_IHOSBinderDriverRelay
                0x000000000000c1d0        0xc D:/Profiles/njp2424/Desktop/SwitchGraphics/GamepadTouchScreen/SwitchCompiler/libnx/lib\libnx.a(vi.o)
                0x000000000000c1d0                viGetSession_IHOSBinderDriverRelay
 *fill*         0x000000000000c1dc        0x4 
 .text.viOpenDisplay
                0x000000000000c1e0      0x140 D:/Profiles/njp2424/Desktop/SwitchGraphics/GamepadTouchScreen/SwitchCompiler/libnx/lib\libnx.a(vi.o)
                0x000000000000c1e0                viOpenDisplay
 .text.viCloseDisplay
                0x000000000000c320      0x104 D:/Profiles/njp2424/Desktop/SwitchGraphics/GamepadTouchScreen/SwitchCompiler/libnx/lib\libnx.a(vi.o)
                0x000000000000c320                viCloseDisplay
 *fill*         0x000000000000c424        0xc 
 .text.viCloseLayer
                0x000000000000c430      0x104 D:/Profiles/njp2424/Desktop/SwitchGraphics/GamepadTouchScreen/SwitchCompiler/libnx/lib\libnx.a(vi.o)
                0x000000000000c430                viCloseLayer
 *fill*         0x000000000000c534        0xc 
 .text.viCreateLayer
                0x000000000000c540      0x370 D:/Profiles/njp2424/Desktop/SwitchGraphics/GamepadTouchScreen/SwitchCompiler/libnx/lib\libnx.a(vi.o)
                0x000000000000c540                viCreateLayer
 .text.viSetLayerScalingMode
                0x000000000000c8b0       0xe8 D:/Profiles/njp2424/Desktop/SwitchGraphics/GamepadTouchScreen/SwitchCompiler/libnx/lib\libnx.a(vi.o)
                0x000000000000c8b0                viSetLayerScalingMode
 *fill*         0x000000000000c998        0x8 
 .text.ipcCloseObjectById
                0x000000000000c9a0       0x34 D:/Profiles/njp2424/Desktop/SwitchGraphics/GamepadTouchScreen/SwitchCompiler/libnx/lib\libnx.a(set.o)
 *fill*         0x000000000000c9d4        0xc 
 .text._setsysGetFirmwareVersionImpl
                0x000000000000c9e0      0x1d4 D:/Profiles/njp2424/Desktop/SwitchGraphics/GamepadTouchScreen/SwitchCompiler/libnx/lib\libnx.a(set.o)
 *fill*         0x000000000000cbb4        0xc 
 .text.setsysInitialize
                0x000000000000cbc0       0x3c D:/Profiles/njp2424/Desktop/SwitchGraphics/GamepadTouchScreen/SwitchCompiler/libnx/lib\libnx.a(set.o)
                0x000000000000cbc0                setsysInitialize
 *fill*         0x000000000000cbfc        0x4 
 .text.setsysExit
                0x000000000000cc00       0x9c D:/Profiles/njp2424/Desktop/SwitchGraphics/GamepadTouchScreen/SwitchCompiler/libnx/lib\libnx.a(set.o)
                0x000000000000cc00                setsysExit
 *fill*         0x000000000000cc9c        0x4 
 .text.setsysGetFirmwareVersion
                0x000000000000cca0       0x44 D:/Profiles/njp2424/Desktop/SwitchGraphics/GamepadTouchScreen/SwitchCompiler/libnx/lib\libnx.a(set.o)
                0x000000000000cca0                setsysGetFirmwareVersion
 *fill*         0x000000000000cce4        0xc 
 .text.ipcPrepareHeader
                0x000000000000ccf0      0x220 D:/Profiles/njp2424/Desktop/SwitchGraphics/GamepadTouchScreen/SwitchCompiler/libnx/lib\libnx.a(fs.o)
 .text.ipcParse
                0x000000000000cf10      0x22c D:/Profiles/njp2424/Desktop/SwitchGraphics/GamepadTouchScreen/SwitchCompiler/libnx/lib\libnx.a(fs.o)
 *fill*         0x000000000000d13c        0x4 
 .text.serviceIpcParse
                0x000000000000d140       0xb0 D:/Profiles/njp2424/Desktop/SwitchGraphics/GamepadTouchScreen/SwitchCompiler/libnx/lib\libnx.a(fs.o)
 .text.ipcCloseObjectById
                0x000000000000d1f0       0x34 D:/Profiles/njp2424/Desktop/SwitchGraphics/GamepadTouchScreen/SwitchCompiler/libnx/lib\libnx.a(fs.o)
 *fill*         0x000000000000d224        0xc 
 .text.fsInitialize
                0x000000000000d230      0x200 D:/Profiles/njp2424/Desktop/SwitchGraphics/GamepadTouchScreen/SwitchCompiler/libnx/lib\libnx.a(fs.o)
                0x000000000000d230                fsInitialize
 .text.fsExit   0x000000000000d430       0x9c D:/Profiles/njp2424/Desktop/SwitchGraphics/GamepadTouchScreen/SwitchCompiler/libnx/lib\libnx.a(fs.o)
                0x000000000000d430                fsExit
 *fill*         0x000000000000d4cc        0x4 
 .text.fsMountSdcard
                0x000000000000d4d0      0x1cc D:/Profiles/njp2424/Desktop/SwitchGraphics/GamepadTouchScreen/SwitchCompiler/libnx/lib\libnx.a(fs.o)
                0x000000000000d4d0                fsMountSdcard
 *fill*         0x000000000000d69c        0x4 
 .text.fsFsCreateFile
                0x000000000000d6a0      0x1a4 D:/Profiles/njp2424/Desktop/SwitchGraphics/GamepadTouchScreen/SwitchCompiler/libnx/lib\libnx.a(fs.o)
                0x000000000000d6a0                fsFsCreateFile
 *fill*         0x000000000000d844        0xc 
 .text.fsFsDeleteFile
                0x000000000000d850      0x19c D:/Profiles/njp2424/Desktop/SwitchGraphics/GamepadTouchScreen/SwitchCompiler/libnx/lib\libnx.a(fs.o)
                0x000000000000d850                fsFsDeleteFile
 *fill*         0x000000000000d9ec        0x4 
 .text.fsFsCreateDirectory
                0x000000000000d9f0      0x19c D:/Profiles/njp2424/Desktop/SwitchGraphics/GamepadTouchScreen/SwitchCompiler/libnx/lib\libnx.a(fs.o)
                0x000000000000d9f0                fsFsCreateDirectory
 *fill*         0x000000000000db8c        0x4 
 .text.fsFsDeleteDirectory
                0x000000000000db90      0x19c D:/Profiles/njp2424/Desktop/SwitchGraphics/GamepadTouchScreen/SwitchCompiler/libnx/lib\libnx.a(fs.o)
                0x000000000000db90                fsFsDeleteDirectory
 *fill*         0x000000000000dd2c        0x4 
 .text.fsFsRenameFile
                0x000000000000dd30      0x214 D:/Profiles/njp2424/Desktop/SwitchGraphics/GamepadTouchScreen/SwitchCompiler/libnx/lib\libnx.a(fs.o)
                0x000000000000dd30                fsFsRenameFile
 *fill*         0x000000000000df44        0xc 
 .text.fsFsRenameDirectory
                0x000000000000df50      0x214 D:/Profiles/njp2424/Desktop/SwitchGraphics/GamepadTouchScreen/SwitchCompiler/libnx/lib\libnx.a(fs.o)
                0x000000000000df50                fsFsRenameDirectory
 *fill*         0x000000000000e164        0xc 
 .text.fsFsGetEntryType
                0x000000000000e170      0x1b0 D:/Profiles/njp2424/Desktop/SwitchGraphics/GamepadTouchScreen/SwitchCompiler/libnx/lib\libnx.a(fs.o)
                0x000000000000e170                fsFsGetEntryType
 .text.fsFsOpenFile
                0x000000000000e320      0x1e4 D:/Profiles/njp2424/Desktop/SwitchGraphics/GamepadTouchScreen/SwitchCompiler/libnx/lib\libnx.a(fs.o)
                0x000000000000e320                fsFsOpenFile
 *fill*         0x000000000000e504        0xc 
 .text.fsFsOpenDirectory
                0x000000000000e510      0x1f8 D:/Profiles/njp2424/Desktop/SwitchGraphics/GamepadTouchScreen/SwitchCompiler/libnx/lib\libnx.a(fs.o)
                0x000000000000e510                fsFsOpenDirectory
 *fill*         0x000000000000e708        0x8 
 .text.fsFsGetFreeSpace
                0x000000000000e710      0x1b0 D:/Profiles/njp2424/Desktop/SwitchGraphics/GamepadTouchScreen/SwitchCompiler/libnx/lib\libnx.a(fs.o)
                0x000000000000e710                fsFsGetFreeSpace
 .text.fsFsGetTotalSpace
                0x000000000000e8c0      0x1b0 D:/Profiles/njp2424/Desktop/SwitchGraphics/GamepadTouchScreen/SwitchCompiler/libnx/lib\libnx.a(fs.o)
                0x000000000000e8c0                fsFsGetTotalSpace
 .text.fsFsGetFileTimeStampRaw
                0x000000000000ea70      0x194 D:/Profiles/njp2424/Desktop/SwitchGraphics/GamepadTouchScreen/SwitchCompiler/libnx/lib\libnx.a(fs.o)
                0x000000000000ea70                fsFsGetFileTimeStampRaw
 *fill*         0x000000000000ec04        0xc 
 .text.fsFsClose
                0x000000000000ec10       0x6c D:/Profiles/njp2424/Desktop/SwitchGraphics/GamepadTouchScreen/SwitchCompiler/libnx/lib\libnx.a(fs.o)
                0x000000000000ec10                fsFsClose
 *fill*         0x000000000000ec7c        0x4 
 .text.fsFileRead
                0x000000000000ec80      0x1f0 D:/Profiles/njp2424/Desktop/SwitchGraphics/GamepadTouchScreen/SwitchCompiler/libnx/lib\libnx.a(fs.o)
                0x000000000000ec80                fsFileRead
 .text.fsFileWrite
                0x000000000000ee70      0x1b8 D:/Profiles/njp2424/Desktop/SwitchGraphics/GamepadTouchScreen/SwitchCompiler/libnx/lib\libnx.a(fs.o)
                0x000000000000ee70                fsFileWrite
 *fill*         0x000000000000f028        0x8 
 .text.fsFileFlush
                0x000000000000f030      0x16c D:/Profiles/njp2424/Desktop/SwitchGraphics/GamepadTouchScreen/SwitchCompiler/libnx/lib\libnx.a(fs.o)
                0x000000000000f030                fsFileFlush
 *fill*         0x000000000000f19c        0x4 
 .text.fsFileSetSize
                0x000000000000f1a0      0x174 D:/Profiles/njp2424/Desktop/SwitchGraphics/GamepadTouchScreen/SwitchCompiler/libnx/lib\libnx.a(fs.o)
                0x000000000000f1a0                fsFileSetSize
 *fill*         0x000000000000f314        0xc 
 .text.fsFileGetSize
                0x000000000000f320      0x194 D:/Profiles/njp2424/Desktop/SwitchGraphics/GamepadTouchScreen/SwitchCompiler/libnx/lib\libnx.a(fs.o)
                0x000000000000f320                fsFileGetSize
 *fill*         0x000000000000f4b4        0xc 
 .text.fsFileClose
                0x000000000000f4c0       0x6c D:/Profiles/njp2424/Desktop/SwitchGraphics/GamepadTouchScreen/SwitchCompiler/libnx/lib\libnx.a(fs.o)
                0x000000000000f4c0                fsFileClose
 *fill*         0x000000000000f52c        0x4 
 .text.fsDirClose
                0x000000000000f530       0x6c D:/Profiles/njp2424/Desktop/SwitchGraphics/GamepadTouchScreen/SwitchCompiler/libnx/lib\libnx.a(fs.o)
                0x000000000000f530                fsDirClose
 *fill*         0x000000000000f59c        0x4 
 .text.fsDirRead
                0x000000000000f5a0      0x1ec D:/Profiles/njp2424/Desktop/SwitchGraphics/GamepadTouchScreen/SwitchCompiler/libnx/lib\libnx.a(fs.o)
                0x000000000000f5a0                fsDirRead
 *fill*         0x000000000000f78c        0x4 
 .text._nvFenceEventWaitCommon
                0x000000000000f790       0x60 D:/Profiles/njp2424/Desktop/SwitchGraphics/GamepadTouchScreen/SwitchCompiler/libnx/lib\libnx.a(fence.o)
 .text.nvFenceInit
                0x000000000000f7f0       0x5c D:/Profiles/njp2424/Desktop/SwitchGraphics/GamepadTouchScreen/SwitchCompiler/libnx/lib\libnx.a(fence.o)
                0x000000000000f7f0                nvFenceInit
 *fill*         0x000000000000f84c        0x4 
 .text.nvFenceExit
                0x000000000000f850       0x98 D:/Profiles/njp2424/Desktop/SwitchGraphics/GamepadTouchScreen/SwitchCompiler/libnx/lib\libnx.a(fence.o)
                0x000000000000f850                nvFenceExit
 *fill*         0x000000000000f8e8        0x8 
 .text.nvFenceWait
                0x000000000000f8f0      0x1e4 D:/Profiles/njp2424/Desktop/SwitchGraphics/GamepadTouchScreen/SwitchCompiler/libnx/lib\libnx.a(fence.o)
                0x000000000000f8f0                nvFenceWait
 *fill*         0x000000000000fad4        0xc 
 .text.nvMultiFenceWait
                0x000000000000fae0       0x7c D:/Profiles/njp2424/Desktop/SwitchGraphics/GamepadTouchScreen/SwitchCompiler/libnx/lib\libnx.a(fence.o)
                0x000000000000fae0                nvMultiFenceWait
 *fill*         0x000000000000fb5c        0x4 
 .text.nvMapInit
                0x000000000000fb60       0x6c D:/Profiles/njp2424/Desktop/SwitchGraphics/GamepadTouchScreen/SwitchCompiler/libnx/lib\libnx.a(map.o)
                0x000000000000fb60                nvMapInit
 *fill*         0x000000000000fbcc        0x4 
 .text.nvMapExit
                0x000000000000fbd0       0x68 D:/Profiles/njp2424/Desktop/SwitchGraphics/GamepadTouchScreen/SwitchCompiler/libnx/lib\libnx.a(map.o)
                0x000000000000fbd0                nvMapExit
 *fill*         0x000000000000fc38        0x8 
 .text.nvMapClose
                0x000000000000fc40       0x84 D:/Profiles/njp2424/Desktop/SwitchGraphics/GamepadTouchScreen/SwitchCompiler/libnx/lib\libnx.a(map.o)
                0x000000000000fc40                nvMapClose
 *fill*         0x000000000000fcc4        0xc 
 .text.nvMapCreate
                0x000000000000fcd0      0x150 D:/Profiles/njp2424/Desktop/SwitchGraphics/GamepadTouchScreen/SwitchCompiler/libnx/lib\libnx.a(map.o)
                0x000000000000fcd0                nvMapCreate
 .text.nvioctlNvhostCtrl_EventSignal
                0x000000000000fe20       0x24 D:/Profiles/njp2424/Desktop/SwitchGraphics/GamepadTouchScreen/SwitchCompiler/libnx/lib\libnx.a(nvhost-ctrl.o)
                0x000000000000fe20                nvioctlNvhostCtrl_EventSignal
 *fill*         0x000000000000fe44        0xc 
 .text.nvioctlNvhostCtrl_EventWait
                0x000000000000fe50       0x3c D:/Profiles/njp2424/Desktop/SwitchGraphics/GamepadTouchScreen/SwitchCompiler/libnx/lib\libnx.a(nvhost-ctrl.o)
                0x000000000000fe50                nvioctlNvhostCtrl_EventWait
 *fill*         0x000000000000fe8c        0x4 
 .text.nvioctlNvhostCtrl_EventWaitAsync
                0x000000000000fe90       0x28 D:/Profiles/njp2424/Desktop/SwitchGraphics/GamepadTouchScreen/SwitchCompiler/libnx/lib\libnx.a(nvhost-ctrl.o)
                0x000000000000fe90                nvioctlNvhostCtrl_EventWaitAsync
 *fill*         0x000000000000feb8        0x8 
 .text.nvioctlNvhostCtrl_EventRegister
                0x000000000000fec0       0x24 D:/Profiles/njp2424/Desktop/SwitchGraphics/GamepadTouchScreen/SwitchCompiler/libnx/lib\libnx.a(nvhost-ctrl.o)
                0x000000000000fec0                nvioctlNvhostCtrl_EventRegister
 *fill*         0x000000000000fee4        0xc 
 .text.nvioctlNvhostCtrl_EventUnregister
                0x000000000000fef0       0x24 D:/Profiles/njp2424/Desktop/SwitchGraphics/GamepadTouchScreen/SwitchCompiler/libnx/lib\libnx.a(nvhost-ctrl.o)
                0x000000000000fef0                nvioctlNvhostCtrl_EventUnregister
 *fill*         0x000000000000ff14        0xc 
 .text.nvioctlNvmap_Create
                0x000000000000ff20       0x3c D:/Profiles/njp2424/Desktop/SwitchGraphics/GamepadTouchScreen/SwitchCompiler/libnx/lib\libnx.a(nvmap.o)
                0x000000000000ff20                nvioctlNvmap_Create
 *fill*         0x000000000000ff5c        0x4 
 .text.nvioctlNvmap_Alloc
                0x000000000000ff60       0x30 D:/Profiles/njp2424/Desktop/SwitchGraphics/GamepadTouchScreen/SwitchCompiler/libnx/lib\libnx.a(nvmap.o)
                0x000000000000ff60                nvioctlNvmap_Alloc
 .text.nvioctlNvmap_Free
                0x000000000000ff90       0x30 D:/Profiles/njp2424/Desktop/SwitchGraphics/GamepadTouchScreen/SwitchCompiler/libnx/lib\libnx.a(nvmap.o)
                0x000000000000ff90                nvioctlNvmap_Free
 .text.nvioctlNvmap_GetId
                0x000000000000ffc0       0x3c D:/Profiles/njp2424/Desktop/SwitchGraphics/GamepadTouchScreen/SwitchCompiler/libnx/lib\libnx.a(nvmap.o)
                0x000000000000ffc0                nvioctlNvmap_GetId
 *fill*         0x000000000000fffc        0x4 
 .text.bqRequestBuffer
                0x0000000000010000       0xe8 D:/Profiles/njp2424/Desktop/SwitchGraphics/GamepadTouchScreen/SwitchCompiler/libnx/lib\libnx.a(buffer_producer.o)
                0x0000000000010000                bqRequestBuffer
 *fill*         0x00000000000100e8        0x8 
 .text.bqDequeueBuffer
                0x00000000000100f0      0x154 D:/Profiles/njp2424/Desktop/SwitchGraphics/GamepadTouchScreen/SwitchCompiler/libnx/lib\libnx.a(buffer_producer.o)
                0x00000000000100f0                bqDequeueBuffer
 *fill*         0x0000000000010244        0xc 
 .text.bqDetachBuffer
                0x0000000000010250       0x9c D:/Profiles/njp2424/Desktop/SwitchGraphics/GamepadTouchScreen/SwitchCompiler/libnx/lib\libnx.a(buffer_producer.o)
                0x0000000000010250                bqDetachBuffer
 *fill*         0x00000000000102ec        0x4 
 .text.bqQueueBuffer
                0x00000000000102f0       0xe0 D:/Profiles/njp2424/Desktop/SwitchGraphics/GamepadTouchScreen/SwitchCompiler/libnx/lib\libnx.a(buffer_producer.o)
                0x00000000000102f0                bqQueueBuffer
 .text.bqCancelBuffer
                0x00000000000103d0       0x90 D:/Profiles/njp2424/Desktop/SwitchGraphics/GamepadTouchScreen/SwitchCompiler/libnx/lib\libnx.a(buffer_producer.o)
                0x00000000000103d0                bqCancelBuffer
 .text.bqConnect
                0x0000000000010460       0xe4 D:/Profiles/njp2424/Desktop/SwitchGraphics/GamepadTouchScreen/SwitchCompiler/libnx/lib\libnx.a(buffer_producer.o)
                0x0000000000010460                bqConnect
 *fill*         0x0000000000010544        0xc 
 .text.bqDisconnect
                0x0000000000010550       0x9c D:/Profiles/njp2424/Desktop/SwitchGraphics/GamepadTouchScreen/SwitchCompiler/libnx/lib\libnx.a(buffer_producer.o)
                0x0000000000010550                bqDisconnect
 *fill*         0x00000000000105ec        0x4 
 .text.bqSetPreallocatedBuffer
                0x00000000000105f0      0x178 D:/Profiles/njp2424/Desktop/SwitchGraphics/GamepadTouchScreen/SwitchCompiler/libnx/lib\libnx.a(buffer_producer.o)
                0x00000000000105f0                bqSetPreallocatedBuffer
 *fill*         0x0000000000010768        0x8 
 .text._binderTransactParcel
                0x0000000000010770      0x138 D:/Profiles/njp2424/Desktop/SwitchGraphics/GamepadTouchScreen/SwitchCompiler/libnx/lib\libnx.a(binder.o)
 *fill*         0x00000000000108a8        0x8 
 .text.ipcQueryPointerBufferSize
                0x00000000000108b0       0xc8 D:/Profiles/njp2424/Desktop/SwitchGraphics/GamepadTouchScreen/SwitchCompiler/libnx/lib\libnx.a(binder.o)
 *fill*         0x0000000000010978        0x8 
 .text._binderTransactParcelAuto
                0x0000000000010980      0x248 D:/Profiles/njp2424/Desktop/SwitchGraphics/GamepadTouchScreen/SwitchCompiler/libnx/lib\libnx.a(binder.o)
 *fill*         0x0000000000010bc8        0x8 
 .text.binderCreate
                0x0000000000010bd0       0x14 D:/Profiles/njp2424/Desktop/SwitchGraphics/GamepadTouchScreen/SwitchCompiler/libnx/lib\libnx.a(binder.o)
                0x0000000000010bd0                binderCreate
 *fill*         0x0000000000010be4        0xc 
 .text.binderTransactParcel
                0x0000000000010bf0       0x10 D:/Profiles/njp2424/Desktop/SwitchGraphics/GamepadTouchScreen/SwitchCompiler/libnx/lib\libnx.a(binder.o)
                0x0000000000010bf0                binderTransactParcel
 .text.binderConvertErrorCode
                0x0000000000010c00      0x124 D:/Profiles/njp2424/Desktop/SwitchGraphics/GamepadTouchScreen/SwitchCompiler/libnx/lib\libnx.a(binder.o)
                0x0000000000010c00                binderConvertErrorCode
 *fill*         0x0000000000010d24        0xc 
 .text.binderAdjustRefcount
                0x0000000000010d30       0xe8 D:/Profiles/njp2424/Desktop/SwitchGraphics/GamepadTouchScreen/SwitchCompiler/libnx/lib\libnx.a(binder.o)
                0x0000000000010d30                binderAdjustRefcount
 *fill*         0x0000000000010e18        0x8 
 .text.binderClose
                0x0000000000010e20       0x74 D:/Profiles/njp2424/Desktop/SwitchGraphics/GamepadTouchScreen/SwitchCompiler/libnx/lib\libnx.a(binder.o)
                0x0000000000010e20                binderClose
 *fill*         0x0000000000010e94        0xc 
 .text.binderInitSession
                0x0000000000010ea0       0xc8 D:/Profiles/njp2424/Desktop/SwitchGraphics/GamepadTouchScreen/SwitchCompiler/libnx/lib\libnx.a(binder.o)
                0x0000000000010ea0                binderInitSession
 *fill*         0x0000000000010f68        0x8 
 .text.binderGetNativeHandle
                0x0000000000010f70      0x144 D:/Profiles/njp2424/Desktop/SwitchGraphics/GamepadTouchScreen/SwitchCompiler/libnx/lib\libnx.a(binder.o)
                0x0000000000010f70                binderGetNativeHandle
 *fill*         0x00000000000110b4        0xc 
 .text.parcelCreate
                0x00000000000110c0       0x28 D:/Profiles/njp2424/Desktop/SwitchGraphics/GamepadTouchScreen/SwitchCompiler/libnx/lib\libnx.a(parcel.o)
                0x00000000000110c0                parcelCreate
 *fill*         0x00000000000110e8        0x8 
 .text.parcelTransact
                0x00000000000110f0      0x19c D:/Profiles/njp2424/Desktop/SwitchGraphics/GamepadTouchScreen/SwitchCompiler/libnx/lib\libnx.a(parcel.o)
                0x00000000000110f0                parcelTransact
 *fill*         0x000000000001128c        0x4 
 .text.parcelWriteData
                0x0000000000011290       0x88 D:/Profiles/njp2424/Desktop/SwitchGraphics/GamepadTouchScreen/SwitchCompiler/libnx/lib\libnx.a(parcel.o)
                0x0000000000011290                parcelWriteData
 *fill*         0x0000000000011318        0x8 
 .text.parcelReadData
                0x0000000000011320       0x98 D:/Profiles/njp2424/Desktop/SwitchGraphics/GamepadTouchScreen/SwitchCompiler/libnx/lib\libnx.a(parcel.o)
                0x0000000000011320                parcelReadData
 *fill*         0x00000000000113b8        0x8 
 .text.parcelWriteInt32
                0x00000000000113c0       0x20 D:/Profiles/njp2424/Desktop/SwitchGraphics/GamepadTouchScreen/SwitchCompiler/libnx/lib\libnx.a(parcel.o)
                0x00000000000113c0                parcelWriteInt32
 .text.parcelWriteUInt32
                0x00000000000113e0       0x20 D:/Profiles/njp2424/Desktop/SwitchGraphics/GamepadTouchScreen/SwitchCompiler/libnx/lib\libnx.a(parcel.o)
                0x00000000000113e0                parcelWriteUInt32
 .text.parcelWriteString16
                0x0000000000011400       0x80 D:/Profiles/njp2424/Desktop/SwitchGraphics/GamepadTouchScreen/SwitchCompiler/libnx/lib\libnx.a(parcel.o)
                0x0000000000011400                parcelWriteString16
 .text.parcelWriteInterfaceToken
                0x0000000000011480       0x30 D:/Profiles/njp2424/Desktop/SwitchGraphics/GamepadTouchScreen/SwitchCompiler/libnx/lib\libnx.a(parcel.o)
                0x0000000000011480                parcelWriteInterfaceToken
 .text.parcelReadInt32
                0x00000000000114b0       0x24 D:/Profiles/njp2424/Desktop/SwitchGraphics/GamepadTouchScreen/SwitchCompiler/libnx/lib\libnx.a(parcel.o)
                0x00000000000114b0                parcelReadInt32
 *fill*         0x00000000000114d4        0xc 
 .text.parcelReadFlattenedObject
                0x00000000000114e0       0x68 D:/Profiles/njp2424/Desktop/SwitchGraphics/GamepadTouchScreen/SwitchCompiler/libnx/lib\libnx.a(parcel.o)
                0x00000000000114e0                parcelReadFlattenedObject
 *fill*         0x0000000000011548        0x8 
 .text.parcelWriteFlattenedObject
                0x0000000000011550       0x44 D:/Profiles/njp2424/Desktop/SwitchGraphics/GamepadTouchScreen/SwitchCompiler/libnx/lib\libnx.a(parcel.o)
                0x0000000000011550                parcelWriteFlattenedObject
 *fill*         0x0000000000011594        0xc 
 .text.nxlinkSetup
                0x00000000000115a0       0xc4 D:/Profiles/njp2424/Desktop/SwitchGraphics/GamepadTouchScreen/SwitchCompiler/libnx/lib\libnx.a(nxlink.o)
                0x00000000000115a0                nxlinkSetup
 *fill*         0x0000000000011664        0x4 
 .text.aligned_alloc
                0x0000000000011668       0x38 d:/profiles/njp2424/desktop/switchgraphics/gamepadtouchscreen/switchcompiler/devkita64/bin/../lib/gcc/aarch64-none-elf/8.3.0/../../../../aarch64-none-elf/lib/pic\libg.a(lib_a-aligned_alloc.o)
                0x0000000000011668                aligned_alloc
 .text.bsearch  0x00000000000116a0       0xb8 d:/profiles/njp2424/desktop/switchgraphics/gamepadtouchscreen/switchcompiler/devkita64/bin/../lib/gcc/aarch64-none-elf/8.3.0/../../../../aarch64-none-elf/lib/pic\libg.a(lib_a-bsearch.o)
                0x00000000000116a0                bsearch
 .text.calloc   0x0000000000011758       0x30 d:/profiles/njp2424/desktop/switchgraphics/gamepadtouchscreen/switchcompiler/devkita64/bin/../lib/gcc/aarch64-none-elf/8.3.0/../../../../aarch64-none-elf/lib/pic\libg.a(lib_a-calloc.o)
                0x0000000000011758                calloc
 .text._calloc_r
                0x0000000000011788       0x94 d:/profiles/njp2424/desktop/switchgraphics/gamepadtouchscreen/switchcompiler/devkita64/bin/../lib/gcc/aarch64-none-elf/8.3.0/../../../../aarch64-none-elf/lib/pic\libg.a(lib_a-callocr.o)
                0x0000000000011788                _calloc_r
 *fill*         0x000000000001181c        0x4 
 .text.__errno  0x0000000000011820       0x14 d:/profiles/njp2424/desktop/switchgraphics/gamepadtouchscreen/switchcompiler/devkita64/bin/../lib/gcc/aarch64-none-elf/8.3.0/../../../../aarch64-none-elf/lib/pic\libg.a(lib_a-errno.o)
                0x0000000000011820                __errno
 *fill*         0x0000000000011834        0x4 
 .text.__libc_fini_array
                0x0000000000011838       0x44 d:/profiles/njp2424/desktop/switchgraphics/gamepadtouchscreen/switchcompiler/devkita64/bin/../lib/gcc/aarch64-none-elf/8.3.0/../../../../aarch64-none-elf/lib/pic\libg.a(lib_a-fini.o)
                0x0000000000011838                __libc_fini_array
 *fill*         0x000000000001187c        0x4 
 .text.__libc_init_array
                0x0000000000011880       0x8c d:/profiles/njp2424/desktop/switchgraphics/gamepadtouchscreen/switchcompiler/devkita64/bin/../lib/gcc/aarch64-none-elf/8.3.0/../../../../aarch64-none-elf/lib/pic\libg.a(lib_a-init.o)
                0x0000000000011880                __libc_init_array
 *fill*         0x000000000001190c        0x4 
 .text.memalign
                0x0000000000011910       0x30 d:/profiles/njp2424/desktop/switchgraphics/gamepadtouchscreen/switchcompiler/devkita64/bin/../lib/gcc/aarch64-none-elf/8.3.0/../../../../aarch64-none-elf/lib/pic\libg.a(lib_a-malign.o)
                0x0000000000011910                memalign
 .text._memalign_r
                0x0000000000011940      0x198 d:/profiles/njp2424/desktop/switchgraphics/gamepadtouchscreen/switchcompiler/devkita64/bin/../lib/gcc/aarch64-none-elf/8.3.0/../../../../aarch64-none-elf/lib/pic\libg.a(lib_a-malignr.o)
                0x0000000000011940                _memalign_r
 .text.malloc   0x0000000000011ad8       0x1c d:/profiles/njp2424/desktop/switchgraphics/gamepadtouchscreen/switchcompiler/devkita64/bin/../lib/gcc/aarch64-none-elf/8.3.0/../../../../aarch64-none-elf/lib/pic\libg.a(lib_a-malloc.o)
                0x0000000000011ad8                malloc
 *fill*         0x0000000000011af4        0x4 
 .text.free     0x0000000000011af8       0x1c d:/profiles/njp2424/desktop/switchgraphics/gamepadtouchscreen/switchcompiler/devkita64/bin/../lib/gcc/aarch64-none-elf/8.3.0/../../../../aarch64-none-elf/lib/pic\libg.a(lib_a-malloc.o)
                0x0000000000011af8                free
 *fill*         0x0000000000011b14        0x4 
 .text._malloc_r
                0x0000000000011b18      0x87c d:/profiles/njp2424/desktop/switchgraphics/gamepadtouchscreen/switchcompiler/devkita64/bin/../lib/gcc/aarch64-none-elf/8.3.0/../../../../aarch64-none-elf/lib/pic\libg.a(lib_a-mallocr.o)
                0x0000000000011b18                _malloc_r
 .text          0x0000000000012394       0xd8 d:/profiles/njp2424/desktop/switchgraphics/gamepadtouchscreen/switchcompiler/devkita64/bin/../lib/gcc/aarch64-none-elf/8.3.0/../../../../aarch64-none-elf/lib/pic\libg.a(lib_a-memchr.o)
                0x0000000000012394                memchr
 *fill*         0x000000000001246c       0x14 
 .text          0x0000000000012480      0x16c d:/profiles/njp2424/desktop/switchgraphics/gamepadtouchscreen/switchcompiler/devkita64/bin/../lib/gcc/aarch64-none-elf/8.3.0/../../../../aarch64-none-elf/lib/pic\libg.a(lib_a-memcpy.o)
                0x0000000000012480                memcpy
 *fill*         0x00000000000125ec       0x14 
 .text          0x0000000000012600      0x1dc d:/profiles/njp2424/desktop/switchgraphics/gamepadtouchscreen/switchcompiler/devkita64/bin/../lib/gcc/aarch64-none-elf/8.3.0/../../../../aarch64-none-elf/lib/pic\libg.a(lib_a-memset.o)
                0x0000000000012600                memset
 *fill*         0x00000000000127dc        0x4 
 .text.__malloc_lock
                0x00000000000127e0        0xc d:/profiles/njp2424/desktop/switchgraphics/gamepadtouchscreen/switchcompiler/devkita64/bin/../lib/gcc/aarch64-none-elf/8.3.0/../../../../aarch64-none-elf/lib/pic\libg.a(lib_a-mlock.o)
                0x00000000000127e0                __malloc_lock
 *fill*         0x00000000000127ec        0x4 
 .text.__malloc_unlock
                0x00000000000127f0        0xc d:/profiles/njp2424/desktop/switchgraphics/gamepadtouchscreen/switchcompiler/devkita64/bin/../lib/gcc/aarch64-none-elf/8.3.0/../../../../aarch64-none-elf/lib/pic\libg.a(lib_a-mlock.o)
                0x00000000000127f0                __malloc_unlock
 *fill*         0x00000000000127fc        0x4 
 .text.printf   0x0000000000012800       0x8c d:/profiles/njp2424/desktop/switchgraphics/gamepadtouchscreen/switchcompiler/devkita64/bin/../lib/gcc/aarch64-none-elf/8.3.0/../../../../aarch64-none-elf/lib/pic\libg.a(lib_a-printf.o)
                0x0000000000012800                printf
 *fill*         0x000000000001288c        0x4 
 .text.setenv   0x0000000000012890       0x3c d:/profiles/njp2424/desktop/switchgraphics/gamepadtouchscreen/switchcompiler/devkita64/bin/../lib/gcc/aarch64-none-elf/8.3.0/../../../../aarch64-none-elf/lib/pic\libg.a(lib_a-setenv.o)
                0x0000000000012890                setenv
 *fill*         0x00000000000128cc        0x4 
 .text._setenv_r
                0x00000000000128d0      0x264 d:/profiles/njp2424/desktop/switchgraphics/gamepadtouchscreen/switchcompiler/devkita64/bin/../lib/gcc/aarch64-none-elf/8.3.0/../../../../aarch64-none-elf/lib/pic\libg.a(lib_a-setenv_r.o)
                0x00000000000128d0                _setenv_r
 *fill*         0x0000000000012b34        0x4 
 .text.setvbuf  0x0000000000012b38      0x25c d:/profiles/njp2424/desktop/switchgraphics/gamepadtouchscreen/switchcompiler/devkita64/bin/../lib/gcc/aarch64-none-elf/8.3.0/../../../../aarch64-none-elf/lib/pic\libg.a(lib_a-setvbuf.o)
                0x0000000000012b38                setvbuf
 *fill*         0x0000000000012d94        0x4 
 .text.sscanf   0x0000000000012d98       0xbc d:/profiles/njp2424/desktop/switchgraphics/gamepadtouchscreen/switchcompiler/devkita64/bin/../lib/gcc/aarch64-none-elf/8.3.0/../../../../aarch64-none-elf/lib/pic\libg.a(lib_a-sscanf.o)
                0x0000000000012d98                sscanf
 *fill*         0x0000000000012e54        0x4 
 .text.__sread  0x0000000000012e58       0x50 d:/profiles/njp2424/desktop/switchgraphics/gamepadtouchscreen/switchcompiler/devkita64/bin/../lib/gcc/aarch64-none-elf/8.3.0/../../../../aarch64-none-elf/lib/pic\libg.a(lib_a-stdio.o)
                0x0000000000012e58                __sread
 .text.__seofread
                0x0000000000012ea8        0x8 d:/profiles/njp2424/desktop/switchgraphics/gamepadtouchscreen/switchcompiler/devkita64/bin/../lib/gcc/aarch64-none-elf/8.3.0/../../../../aarch64-none-elf/lib/pic\libg.a(lib_a-stdio.o)
                0x0000000000012ea8                __seofread
 .text.__swrite
                0x0000000000012eb0       0x6c d:/profiles/njp2424/desktop/switchgraphics/gamepadtouchscreen/switchcompiler/devkita64/bin/../lib/gcc/aarch64-none-elf/8.3.0/../../../../aarch64-none-elf/lib/pic\libg.a(lib_a-stdio.o)
                0x0000000000012eb0                __swrite
 *fill*         0x0000000000012f1c        0x4 